-- bytea check
CREATE TABLE byteatmp (a bytea);
\copy byteatmp from 'data/text.data'
\copy byteatmp from 'data/char.data'
SET enable_seqscan=on;
SELECT count(*) FROM byteatmp WHERE a <   '31b0';
 count 
-------
   588
(1 row)

SELECT count(*) FROM byteatmp WHERE a <=  '31b0';
 count 
-------
   589
(1 row)

SELECT count(*) FROM byteatmp WHERE a  =  '31b0';
 count 
-------
     1
(1 row)

SELECT count(*) FROM byteatmp WHERE a >=  '31b0';
 count 
-------
   401
(1 row)

SELECT count(*) FROM byteatmp WHERE a >   '31b0';
 count 
-------
   400
(1 row)

CREATE INDEX byteaidx ON byteatmp USING GIST ( a );
SET enable_seqscan=off;
SELECT count(*) FROM byteatmp WHERE a <   '31b0'::bytea;
 count 
-------
   588
(1 row)

SELECT count(*) FROM byteatmp WHERE a <=  '31b0'::bytea;
 count 
-------
   589
(1 row)

SELECT count(*) FROM byteatmp WHERE a  =  '31b0'::bytea;
 count 
-------
     1
(1 row)

SELECT count(*) FROM byteatmp WHERE a >=  '31b0'::bytea;
 count 
-------
   401
(1 row)

SELECT count(*) FROM byteatmp WHERE a >   '31b0'::bytea;
 count 
-------
   400
(1 row)

SELECT count(*) FROM byteatmp WHERE a  =  '2eb2c961c1cbf6 cf8d7b68cb9a2f36 7bbedb4ae7 06ec46c55611a466eb7e3edcc009ca6 e 5ed9cd0ea5a4e55d601027c56a  64cacf3a42afc 90e63000c34506993345355640 79bce 173bb7 c5 574ea7c921cb0f25 089d56d16dff24f336e4740 6870470f1f9afcb4f7c56c9f b97e117fc965 7013029 e48f6dd481 7d00e1e227beef84a9 904d4c34241f cb5c0f14 3a8a70 f51a73164e92052fbb53b4cc2f1fed 3c3fecaa0270175 2521ef03594 fa05756812648f450fb 13c2f b39a0729d6182e9 15b5ea204fe73 d8991afd72d21acd188df1 a29fff57ab897338 de549b3ed5a024534c007125c 2fcf3e5c3e3 7427b6daec5c3f 473 8 a5d9 840410976ac2eeab58e1ca8bf46c2b7 1db9cc85a336f1291ea19922 db808f3548cda91 2e379ce80af12bd7ed56d0338c a ea67a7c847f6620fc894f0ba10044 0e 52e97d975af7201d8 d95e6f08184d8ff 19762476fa 42f278f3534f3f2be0abaed71 f0aba11835e4e1d94 e8534cf677046eafb8f5f761865 ffbee273c7bb 2bb77f6e780 c77e81851c491 e a9f45d765b01a030d5d317 ff7345a22bc360 c87363ba121297b063e83 13ea32e9618d 40304f6c2a7e92c1c66ff4208e a781b4a21419abfdf5eb467e4d48908 8a65656e514b2b3ef8f86310aaf85 4 90b7b2862e3dbc8f0eef3dfc6075bfa eb94a1c a58abb5def4fa43840e6e2716 260e6eaebb 42415d712bf83944dcd1204e 305254fc3b849150b5 5bbd7f8471dcd3621 2ae0548115a250 0c1988e9 76f98bef45639b7 0d5a28f01dc b71 c046576faa4d49eff8 c1e8d01c 10c86c457ea050455a742da4f8 ea7676af85c71c7eeca635 6a07137227404d a4 7186172 8150f31c9a15401c f1bb9057a9938bfa 22b482be08f424ec4 21daea994293589 15bff393f6b17fef24786dd6f9 d5a2d 4b3b5dd9370543e b4a93b2ac4341945d06 d384447812e0 4e3c97e9b8f7 f7d4d644b2a1d373 5102c b9531f725674b28 1aa16e7e34285797c1439 51aa762ea14b40fb8876c887eea6 45a62d3d5d3e946250904697486591 b3f1a8 243524767bf846d 8 95 45a922872 dd2497eb1e3da8d513d2 7821db9e14d4f 24c4f085de60d7c0c6ea3fc6bc e4c9f8c68596d7d afd6c8cb0f2516b87f24bbd8 61d2e457c70949 d2d362cdc657 3605f9d27fd6d72 32de91d66fe5bf537530 859e1a08b65 9b5a55f 4116cda9fddeb843964002 e81f3b2c0ca566ad3dbbc6e234 0d3b1d54 10c440be5c0bca95 7dad841f a61f041967972e805ccfee55c deee9cc16e92ab197 7627554073c1f56b9e 21bebcbfd2e2282f84 7b121a83eeb91db8bda81ba88c634b46394 59885ebc737617addaaf0cb809 2eb2c961c1cbf6 cf8d7b68cb9a2f36 7bbedb4ae7 06ec46c55611a466eb7e3edcc009ca6 e 5ed9cd0ea5a4e55d601027c56a  64cacf3a42afc 90e63000c34506993345355640 79bce 173bb7 c5 574ea7c921cb0f25 089d56d16dff24f336e4740 6870470f1f9afcb4f7c56c9f b97e117fc965 7013029 e48f6dd481 7d00e1e227beef84a9 904d4c34241f cb5c0f14 3a8a70 f51a73164e92052fbb53b4cc2f1fed 3c3fecaa0270175 2521ef03594 fa05756812648f450fb 13c2f b39a0729d6182e9 15b5ea204fe73 d8991afd72d21acd188df1 a29fff57ab897338 de549b3ed5a024534c007125c 2fcf3e5c3e3 7427b6daec5c3f 473 8 a5d9 840410976ac2eeab58e1ca8bf46c2b7 1db9cc85a336f1291ea19922 db808f3548cda91 2e379ce80af12bd7ed56d0338c a ea67a7c847f6620fc894f0ba10044 0e 52e97d975af7201d8 d95e6f08184d8ff 19762476fa 42f278f3534f3f2be0abaed71 f0aba11835e4e1d94 e8534cf677046eafb8f5f761865 ffbee273c7bb 2bb77f6e780 c77e81851c491 e a9f45d765b01a030d5d317 ff7345a22bc360 c87363ba121297b063e83 13ea32e9618d 40304f6c2a7e92c1c66ff4208e a781b4a21419abfdf5eb467e4d48908 8a65656e514b2b3ef8f86310aaf85 4 90b7b2862e3dbc8f0eef3dfc6075bfa eb94a1c a58abb5def4fa43840e6e2716 260e6eaebb 42415d712bf83944dcd1204e 305254fc3b849150b5 5bbd7f8471dcd3621 2ae0548115a250 0c1988e9 76f98bef45639b7 0d5a28f01dc b71 c046576faa4d49eff8 c1e8d01c 10c86c457ea050455a742da4f8 ea7676af85c71c7eeca635 6a07137227404d a4 7186172 8150f31c9a15401c f1bb9057a9938bfa 22b482be08f424ec4 21daea994293589 15bff393f6b17fef24786dd6f9 d5a2d 4b3b5dd9370543e b4a93b2ac4341945d06 d384447812e0 4e3c97e9b8f7 f7d4d644b2a1d373 5102c b9531f725674b28 1aa16e7e34285797c1439 51aa762ea14b40fb8876c887eea6 45a62d3d5d3e946250904697486591 b3f1a8 243524767bf846d 8 95 45a922872 dd2497eb1e3da8d513d2 7821db9e14d4f 24c4f085de60d7c0c6ea3fc6bc e4c9f8c68596d7d afd6c8cb0f2516b87f24bbd8 61d2e457c70949 d2d362cdc657 3605f9d27fd6d72 32de91d66fe5bf537530 859e1a08b65 9b5a55f 4116cda9fddeb843964002 e81f3b2c0ca566ad3dbbc6e234 0d3b1d54 10c440be5c0bca95 7dad841f a61f041967972e805ccfee55c deee9cc16e92ab197 7627554073c1f56b9e 21bebcbfd2e2282f84 7b121a83eeb91db8bda81ba88c634b46394 59885ebc737617addaaf0cb809 2eb2c961c1cbf6 cf8d7b68cb9a2f36 7bbedb4ae7 06ec46c55611a466eb7e3edcc009ca6 e 5ed9cd0ea5a4e55d601027c56a  64cacf3a42afc 90e63000c34506993345355640 79bce 173bb7 c5 574ea7c921cb0f25 089d56d16dff24f336e4740 6870470f1f9afcb4f7c56c9f b97e117fc965 7013029 e48f6dd481 7d00e1e227beef84a9 904d4c34241f cb5c0f14 3a8a70 f51a73164e92052fbb53b4cc2f1fed 3c3fecaa0270175 2521ef03594 fa05756812648f450fb 13c2f b39a0729d6182e9 15b5ea204fe73 d8991afd72d21acd188df1 a29fff57ab897338 de549b3ed5a024534c007125c 2fcf3e5c3e3 7427b6daec5c3f 473 8 a5d9 840410976ac2eeab58e1ca8bf46c2b7 1db9cc85a336f1291ea19922 db808f3548cda91 2e379ce80af12bd7ed56d0338c a ea67a7c847f6620fc894f0ba10044 0e 52e97d975af7201d8 d95e6f08184d8ff 19762476fa 42f278f3534f3f2be0abaed71 f0aba11835e4e1d94 e8534cf677046eafb8f5f761865 ffbee273c7bb 2bb77f6e780 c77e81851c491 e a9f45d765b01a030d5d317 ff7345a22bc360 c87363ba121297b063e83 13ea32e9618d 40304f6c2a7e92c1c66ff4208e a781b4a21419abfdf5eb467e4d48908 8a65656e514b2b3ef8f86310aaf85 4 90b7b2862e3dbc8f0eef3dfc6075bfa eb94a1c a58abb5def4fa43840e6e2716 260e6eaebb 42415d712bf83944dcd1204e 305254fc3b849150b5 5bbd7f8471dcd3621 2ae0548115a250 0c1988e9 76f98bef45639b7 0d5a28f01dc b71 c046576faa4d49eff8 c1e8d01c 10c86c457ea050455a742da4f8 ea7676af85c71c7eeca635 6a07137227404d a4 7186172 8150f31c9a15401c f1bb9057a9938bfa 22b482be08f424ec4 21daea994293589 15bff393f6b17fef24786dd6f9 d5a2d 4b3b5dd9370543e b4a93b2ac4341945d06 d384447812e0 4e3c97e9b8f7 f7d4d644b2a1d373 5102c b9531f725674b28 1aa16e7e34285797c1439 51aa762ea14b40fb8876c887eea6 45a62d3d5d3e946250904697486591 b3f1a8 243524767bf846d 8 95 45a922872 dd2497eb1e3da8d513d2 7821db9e14d4f 24c4f085de60d7c0c6ea3fc6bc e4c9f8c68596d7d afd6c8cb0f2516b87f24bbd8 61d2e457c70949 d2d362cdc657 3605f9d27fd6d72 32de91d66fe5bf537530 859e1a08b65 9b5a55f 4116cda9fddeb843964002 e81f3b2c0ca566ad3dbbc6e234 0d3b1d54 10c440be5c0bca95 7dad841f a61f041967972e805ccfee55c deee9cc16e92ab197 7627554073c1f56b9e 21bebcbfd2e2282f84 7b121a83eeb91db8bda81ba88c634b46394 59885ebc737617addaaf0cb809 2eb2c961c1cbf6 cf8d7b68cb9a2f36 7bbedb4ae7 06ec46c55611a466eb7e3edcc009ca6 e 5ed9cd0ea5a4e55d601027c56a  64cacf3a42afc 90e63000c34506993345355640 79bce 173bb7 c5 574ea7c921cb0f25 089d56d16dff24f336e4740 6870470f1f9afcb4f7c56c9f b97e117fc965 7013029 e48f6dd481 7d00e1e227beef84a9 904d4c34241f cb5c0f14 3a8a70 f51a73164e92052fbb53b4cc2f1fed 3c3fecaa0270175 2521ef03594 fa05756812648f450fb 13c2f b39a0729d6182e9 15b5ea204fe73 d8991afd72d21acd188df1 a29fff57ab897338 de549b3ed5a024534c007125c 2fcf3e5c3e3 7427b6daec5c3f 473 8 a5d9 840410976ac2eeab58e1ca8bf46c2b7 1db9cc85a336f1291ea19922 db808f3548cda91 2e379ce80af12bd7ed56d0338c a ea67a7c847f6620fc894f0ba10044 0e 52e97d975af7201d8 d95e6f08184d8ff 19762476fa 42f278f3534f3f2be0abaed71 f0aba11835e4e1d94 e8534cf677046eafb8f5f761865 ffbee273c7bb 2bb77f6e780 c77e81851c491 e a9f45d765b01a030d5d317 ff7345a22bc360 c87363ba121297b063e83 13ea32e9618d 40304f6c2a7e92c1c66ff4208e a781b4a21419abfdf5eb467e4d48908 8a65656e514b2b3ef8f86310aaf85 4 90b7b2862e3dbc8f0eef3dfc6075bfa eb94a1c a58abb5def4fa43840e6e2716 260e6eaebb 42415d712bf83944dcd1204e 305254fc3b849150b5 5bbd7f8471dcd3621 2ae0548115a250 0c1988e9 76f98bef45639b7 0d5a28f01dc b71 c046576faa4d49eff8 c1e8d01c 10c86c457ea050455a742da4f8 ea7676af85c71c7eeca635 6a07137227404d a4 7186172 8150f31c9a15401c f1bb9057a9938bfa 22b482be08f424ec4 21daea994293589 15bff393f6b17fef24786dd6f9 d5a2d 4b3b5dd9370543e b4a93b2ac4341945d06 d384447812e0 4e3c97e9b8f7 f7d4d644b2a1d373 5102c b9531f725674b28 1aa16e7e34285797c1439 51aa762ea14b40fb8876c887eea6 45a62d3d5d3e946250904697486591 b3f1a8 243524767bf846d 8 95 45a922872 dd2497eb1e3da8d513d2 7821db9e14d4f 24c4f085de60d7c0c6ea3fc6bc e4c9f8c68596d7d afd6c8cb0f2516b87f24bbd8 61d2e457c70949 d2d362cdc657 3605f9d27fd6d72 32de91d66fe5bf537530 859e1a08b65 9b5a55f 4116cda9fddeb843964002 e81f3b2c0ca566ad3dbbc6e234 0d3b1d54 10c440be5c0bca95 7dad841f a61f041967972e805ccfee55c deee9cc16e92ab197 7627554073c1f56b9e 21bebcbfd2e2282f84 7b121a83eeb91db8bda81ba88c634b46394 59885ebc737617addaaf0cb809 2eb2c961c1cbf6 cf8d7b68cb9a2f36 7bbedb4ae7 06ec46c55611a466eb7e3edcc009ca6 e 5ed9cd0ea5a4e55d601027c56a  64cacf3a42afc 90e63000c34506993345355640 79bce 173bb7 c5 574ea7c921cb0f25 089d56d16dff24f336e4740 6870470f1f9afcb4f7c56c9f b97e117fc965 7013029 e48f6dd481 7d00e1e227beef84a9 904d4c34241f cb5c0f14 3a8a70 f51a73164e92052fbb53b4cc2f1fed 3c3fecaa0270175 2521ef03594 fa05756812648f450fb 13c2f b39a0729d6182e9 15b5ea204fe73 d8991afd72d21acd188df1 a29fff57ab897338 de549b3ed5a024534c007125c 2fcf3e5c3e3 7427b6daec5c3f 473 8 a5d9 840410976ac2eeab58e1ca8bf46c2b7 1db9cc85a336f1291ea19922 db808f3548cda91 2e379ce80af12bd7ed56d0338c a ea67a7c847f6620fc894f0ba10044 0e 52e97d975af7201d8 d95e6f08184d8ff 19762476fa 42f278f3534f3f2be0abaed71 f0aba11835e4e1d94 e8534cf677046eafb8f5f761865 ffbee273c7bb 2bb77f6e780 c77e81851c491 e a9f45d765b01a030d5d317 ff7345a22bc360 c87363ba121297b063e83 13ea32e9618d 40304f6c2a7e92c1c66ff4208e a781b4a21419abfdf5eb467e4d48908 8a65656e514b2b3ef8f86310aaf85 4 90b7b2862e3dbc8f0eef3dfc6075bfa eb94a1c a58abb5def4fa43840e6e2716 260e6eaebb 42415d712bf83944dcd1204e 305254fc3b849150b5 5bbd7f8471dcd3621 2ae0548115a250 0c1988e9 76f98bef45639b7 0d5a28f01dc b71 c046576faa4d49eff8 c1e8d01c 10c86c457ea050455a742da4f8 ea7676af85c71c7eeca635 6a07137227404d a4 7186172 8150f31c9a15401c f1bb9057a9938bfa 22b482be08f424ec4 21daea994293589 15bff393f6b17fef24786dd6f9 d5a2d 4b3b5dd9370543e b4a93b2ac4341945d06 d384447812e0 4e3c97e9b8f7 f7d4d644b2a1d373 5102c b9531f725674b28 1aa16e7e34285797c1439 51aa762ea14b40fb8876c887eea6 45a62d3d5d3e946250904697486591 b3f1a8 243524767bf846d 8 95 45a922872 dd2497eb1e3da8d513d2 7821db9e14d4f 24c4f085de60d7c0c6ea3fc6bc e4c9f8c68596d7d afd6c8cb0f2516b87f24bbd8 61d2e457c70949 d2d362cdc657 3605f9d27fd6d72 32de91d66fe5bf537530 859e1a08b65 9b5a55f 4116cda9fddeb843964002 e81f3b2c0ca566ad3dbbc6e234 0d3b1d54 10c440be5c0bca95 7dad841f a61f041967972e805ccfee55c deee9cc16e92ab197 7627554073c1f56b9e 21bebcbfd2e2282f84 7b121a83eeb91db8bda81ba88c634b46394 59885ebc737617addaaf0cb809 2eb2c961c1cbf6 cf8d7b68cb9a2f36 7bbedb4ae7 06ec46c55611a466eb7e3edcc009ca6 e 5ed9cd0ea5a4e55d601027c56a  64cacf3a42afc 90e63000c34506993345355640 79bce 173bb7 c5 574ea7c921cb0f25 089d56d16dff24f336e4740 6870470f1f9afcb4f7c56c9f b97e117fc965 7013029 e48f6dd481 7d00e1e227beef84a9 904d4c34241f cb5c0f14 3a8a70 f51a73164e92052fbb53b4cc2f1fed 3c3fecaa0270175 2521ef03594 fa05756812648f450fb 13c2f b39a0729d6182e9 15b5ea204fe73 d8991afd72d21acd188df1 a29fff57ab897338 de549b3ed5a024534c007125c 2fcf3e5c3e3 7427b6daec5c3f 473 8 a5d9 840410976ac2eeab58e1ca8bf46c2b7 1db9cc85a336f1291ea19922 db808f3548cda91 2e379ce80af12bd7ed56d0338c a ea67a7c847f6620fc894f0ba10044 0e 52e97d975af7201d8 d95e6f08184d8ff 19762476fa 42f278f3534f3f2be0abaed71 f0aba11835e4e1d94 e8534cf677046eafb8f5f761865 ffbee273c7bb 2bb77f6e780 c77e81851c491 e a9f45d765b01a030d5d317 ff7345a22bc360 c87363ba121297b063e83 13ea32e9618d 40304f6c2a7e92c1c66ff4208e a781b4a21419abfdf5eb467e4d48908 8a65656e514b2b3ef8f86310aaf85 4 90b7b2862e3dbc8f0eef3dfc6075bfa eb94a1c a58abb5def4fa43840e6e2716 260e6eaebb 42415d712bf83944dcd1204e 305254fc3b849150b5 5bbd7f8471dcd3621 2ae0548115a250 0c1988e9 76f98bef45639b7 0d5a28f01dc b71 c046576faa4d49eff8 c1e8d01c 10c86c457ea050455a742da4f8 ea7676af85c71c7eeca635 6a07137227404d a4 7186172 8150f31c9a15401c f1bb9057a9938bfa 22b482be08f424ec4 21daea994293589 15bff393f6b17fef24786dd6f9 d5a2d 4b3b5dd9370543e b4a93b2ac4341945d06 d384447812e0 4e3c97e9b8f7 f7d4d644b2a1d373 5102c b9531f725674b28 1aa16e7e34285797c1439 51aa762ea14b40fb8876c887eea6 45a62d3d5d3e946250904697486591 b3f1a8 243524767bf846d 8 95 45a922872 dd2497eb1e3da8d513d2 7821db9e14d4f 24c4f085de60d7c0c6ea3fc6bc e4c9f8c68596d7d afd6c8cb0f2516b87f24bbd8 61d2e457c70949 d2d362cdc657 3605f9d27fd6d72 32de91d66fe5bf537530 859e1a08b65 9b5a55f 4116cda9fddeb843964002 e81f3b2c0ca566ad3dbbc6e234 0d3b1d54 10c440be5c0bca95 7dad841f a61f041967972e805ccfee55c deee9cc16e92ab197 7627554073c1f56b9e 21bebcbfd2e2282f84 7b121a83eeb91db8bda81ba88c634b46394 59885ebc737617addaaf0cb809 2eb2c961c1cbf6 cf8d7b68cb9a2f36 7bbedb4ae7 06ec46c55611a466eb7e3edcc009ca6 e 5ed9cd0ea5a4e55d601027c56a  64cacf3a42afc 90e63000c34506993345355640 79bce 173bb7 c5 574ea7c921cb0f25 089d56d16dff24f336e4740 6870470f1f9afcb4f7c56c9f b97e117fc965 7013029 e48f6dd481 7d00e1e227beef84a9 904d4c34241f cb5c0f14 3a8a70 f51a73164e92052fbb53b4cc2f1fed 3c3fecaa0270175 2521ef03594 fa05756812648f450fb 13c2f b39a0729d6182e9 15b5ea204fe73 d8991afd72d21acd188df1 a29fff57ab897338 de549b3ed5a024534c007125c 2fcf3e5c3e3 7427b6daec5c3f 473 8 a5d9 840410976ac2eeab58e1ca8bf46c2b7 1db9cc85a336f1291ea19922 db808f3548cda91 2e379ce80af12bd7ed56d0338c a ea67a7c847f6620fc894f0ba10044 0e 52e97d975af7201d8 d95e6f08184d8ff 19762476fa 42f278f3534f3f2be0abaed71 f0aba11835e4e1d94 e8534cf677046eafb8f5f761865 ffbee273c7bb 2bb77f6e780 c77e81851c491 e a9f45d765b01a030d5d317 ff7345a22bc360 c87363ba121297b063e83 13ea32e9618d 40304f6c2a7e92c1c66ff4208e a781b4a21419abfdf5eb467e4d48908 8a65656e514b2b3ef8f86310aaf85 4 90b7b2862e3dbc8f0eef3dfc6075bfa eb94a1c a58abb5def4fa43840e6e2716 260e6eaebb 42415d712bf83944dcd1204e 305254fc3b849150b5 5bbd7f8471dcd3621 2ae0548115a250 0c1988e9 76f98bef45639b7 0d5a28f01dc b71 c046576faa4d49eff8 c1e8d01c 10c86c457ea050455a742da4f8 ea7676af85c71c7eeca635 6a07137227404d a4 7186172 8150f31c9a15401c f1bb9057a9938bfa 22b482be08f424ec4 21daea994293589 15bff393f6b17fef24786dd6f9 d5a2d 4b3b5dd9370543e b4a93b2ac4341945d06 d384447812e0 4e3c97e9b8f7 f7d4d644b2a1d373 5102c b9531f725674b28 1aa16e7e34285797c1439 51aa762ea14b40fb8876c887eea6 45a62d3d5d3e946250904697486591 b3f1a8 243524767bf846d 8 95 45a922872 dd2497eb1e3da8d513d2 7821db9e14d4f 24c4f085de60d7c0c6ea3fc6bc e4c9f8c68596d7d afd6c8cb0f2516b87f24bbd8 61d2e457c70949 d2d362cdc657 3605f9d27fd6d72 32de91d66fe5bf537530 859e1a08b65 9b5a55f 4116cda9fddeb843964002 e81f3b2c0ca566ad3dbbc6e234 0d3b1d54 10c440be5c0bca95 7dad841f a61f041967972e805ccfee55c deee9cc16e92ab197 7627554073c1f56b9e 21bebcbfd2e2282f84 7b121a83eeb91db8bda81ba88c634b46394 59885ebc737617addaaf0cb809 2eb2c961c1cbf6 cf8d7b68cb9a2f36 7bbedb4ae7 06ec46c55611a466eb7e3edcc009ca6 e 5ed9cd0ea5a4e55d601027c56a  64cacf3a42afc 90e63000c34506993345355640 79bce 173bb7 c5 574ea7c921cb0f25 089d56d16dff24f336e4740 6870470f1f9afcb4f7c56c9f b97e117fc965 7013029 e48f6dd481 7d00e1e227beef84a9 904d4c34241f cb5c0f14 3a8a70 f51a73164e92052fbb53b4cc2f1fed 3c3fecaa0270175 2521ef03594 fa05756812648f450fb 13c2f b39a0729d6182e9 15b5ea204fe73 d8991afd72d21acd188df1 a29fff57ab897338 de549b3ed5a024534c007125c 2fcf3e5c3e3 7427b6daec5c3f 473 8 a5d9 840410976ac2eeab58e1ca8bf46c2b7 1db9cc85a336f1291ea19922 db808f3548cda91 2e379ce80af12bd7ed56d0338c a ea67a7c847f6620fc894f0ba10044 0e 52e97d975af7201d8 d95e6f08184d8ff 19762476fa 42f278f3534f3f2be0abaed71 f0aba11835e4e1d94 e8534cf677046eafb8f5f761865 ffbee273c7bb 2bb77f6e780 c77e81851c491 e a9f45d765b01a030d5d317 ff7345a22bc360 c87363ba121297b063e83 13ea32e9618d 40304f6c2a7e92c1c66ff4208e a781b4a21419abfdf5eb467e4d48908 8a65656e514b2b3ef8f86310aaf85 4 90b7b2862e3dbc8f0eef3dfc6075bfa eb94a1c a58abb5def4fa43840e6e2716 260e6eaebb 42415d712bf83944dcd1204e 305254fc3b849150b5 5bbd7f8471dcd3621 2ae0548115a250 0c1988e9 76f98bef45639b7 0d5a28f01dc b71 c046576faa4d49eff8 c1e8d01c 10c86c457ea050455a742da4f8 ea7676af85c71c7eeca635 6a07137227404d a4 7186172 8150f31c9a15401c f1bb9057a9938bfa 22b482be08f424ec4 21daea994293589 15bff393f6b17fef24786dd6f9 d5a2d 4b3b5dd9370543e b4a93b2ac4341945d06 d384447812e0 4e3c97e9b8f7 f7d4d644b2a1d373 5102c b9531f725674b28 1aa16e7e34285797c1439 51aa762ea14b40fb8876c887eea6 45a62d3d5d3e946250904697486591 b3f1a8 243524767bf846d 8 95 45a922872 dd2497eb1e3da8d513d2 7821db9e14d4f 24c4f085de60d7c0c6ea3fc6bc e4c9f8c68596d7d afd6c8cb0f2516b87f24bbd8 61d2e457c70949 d2d362cdc657 3605f9d27fd6d72 32de91d66fe5bf537530 859e1a08b65 9b5a55f 4116cda9fddeb843964002 e81f3b2c0ca566ad3dbbc6e234 0d3b1d54 10c440be5c0bca95 7dad841f a61f041967972e805ccfee55c deee9cc16e92ab197 7627554073c1f56b9e 21bebcbfd2e2282f84 7b121a83eeb91db8bda81ba88c634b46394 59885ebc737617addaaf0cb809 2eb2c961c1cbf6 cf8d7b68cb9a2f36 7bbedb4ae7 06ec46c55611a466eb7e3edcc009ca6 e 5ed9cd0ea5a4e55d601027c56a  64cacf3a42afc 90e63000c34506993345355640 79bce 173bb7 c5 574ea7c921cb0f25 089d56d16dff24f336e4740 6870470f1f9afcb4f7c56c9f b97e117fc965 7013029 e48f6dd481 7d00e1e227beef84a9 904d4c34241f cb5c0f14 3a8a70 f51a73164e92052fbb53b4cc2f1fed 3c3fecaa0270175 2521ef03594 fa05756812648f450fb 13c2f b39a0729d6182e9 15b5ea204fe73 d8991afd72d21acd188df1 a29fff57ab897338 de549b3ed5a024534c007125c 2fcf3e5c3e3 7427b6daec5c3f 473 8 a5d9 840410976ac2eeab58e1ca8bf46c2b7 1db9cc85a336f1291ea19922 db808f3548cda91 2e379ce80af12bd7ed56d0338c a ea67a7c847f6620fc894f0ba10044 0e 52e97d975af7201d8 d95e6f08184d8ff 19762476fa 42f278f3534f3f2be0abaed71 f0aba11835e4e1d94 e8534cf677046eafb8f5f761865 ffbee273c7bb 2bb77f6e780 c77e81851c491 e a9f45d765b01a030d5d317 ff7345a22bc360 c87363ba121297b063e83 13ea32e9618d 40304f6c2a7e92c1c66ff4208e a781b4a21419abfdf5eb467e4d48908 8a65656e514b2b3ef8f86310aaf85 4 90b7b2862e3dbc8f0eef3dfc6075bfa eb94a1c a58abb5def4fa43840e6e2716 260e6eaebb 42415d712bf83944dcd1204e 305254fc3b849150b5 5bbd7f8471dcd3621 2ae0548115a250 0c1988e9 76f98bef45639b7 0d5a28f01dc b71 c046576faa4d49eff8 c1e8d01c 10c86c457ea050455a742da4f8 ea7676af85c71c7eeca635 6a07137227404d a4 7186172 8150f31c9a15401c f1bb9057a9938bfa 22b482be08f424ec4 21daea994293589 15bff393f6b17fef24786dd6f9 d5a2d 4b3b5dd9370543e b4a93b2ac4341945d06 d384447812e0 4e3c97e9b8f7 f7d4d644b2a1d373 5102c b9531f725674b28 1aa16e7e34285797c1439 51aa762ea14b40fb8876c887eea6 45a62d3d5d3e946250904697486591 b3f1a8 243524767bf846d 8 95 45a922872 dd2497eb1e3da8d513d2 7821db9e14d4f 24c4f085de60d7c0c6ea3fc6bc e4c9f8c68596d7d afd6c8cb0f2516b87f24bbd8 61d2e457c70949 d2d362cdc657 3605f9d27fd6d72 32de91d66fe5bf537530 859e1a08b65 9b5a55f 4116cda9fddeb843964002 e81f3b2c0ca566ad3dbbc6e234 0d3b1d54 10c440be5c0bca95 7dad841f a61f041967972e805ccfee55c deee9cc16e92ab197 7627554073c1f56b9e 21bebcbfd2e2282f84 7b121a83eeb91db8bda81ba88c634b46394 59885ebc737617addaaf0cb809 2eb2c961c1cbf6 cf8d7b68cb9a2f36 7bbedb4ae7 06ec46c55611a466eb7e3edcc009ca6 e 5ed9cd0ea5a4e55d601027c56a  64cacf3a42afc 90e63000c34506993345355640 79bce 173bb7 c5 574ea7c921cb0f25 089d56d16dff24f336e4740 6870470f1f9afcb4f7c56c9f b97e117fc965 7013029 e48f6dd481 7d00e1e227beef84a9 904d4c34241f cb5c0f14 3a8a70 f51a73164e92052fbb53b4cc2f1fed 3c3fecaa0270175 2521ef03594 fa05756812648f450fb 13c2f b39a0729d6182e9 15b5ea204fe73 d8991afd72d21acd188df1 a29fff57ab897338 de549b3ed5a024534c007125c 2fcf3e5c3e3 7427b6daec5c3f 473 8 a5d9 840410976ac2eeab58e1ca8bf46c2b7 1db9cc85a336f1291ea19922 db808f3548cda91 2e379ce80af12bd7ed56d0338c a ea67a7c847f6620fc894f0ba10044 0e 52e97d975af7201d8 d95e6f08184d8ff 19762476fa 42f278f3534f3f2be0abaed71 f0aba11835e4e1d94 e8534cf677046eafb8f5f761865 ffbee273c7bb 2bb77f6e780 c77e81851c491 e a9f45d765b01a030d5d317 ff7345a22bc360 c87363ba121297b063e83 13ea32e9618d 40304f6c2a7e92c1c66ff4208e a781b4a21419abfdf5eb467e4d48908 8a65656e514b2b3ef8f86310aaf85 4 90b7b2862e3dbc8f0eef3dfc6075bfa eb94a1c a58abb5def4fa43840e6e2716 260e6eaebb 42415d712bf83944dcd1204e 305254fc3b849150b5 5bbd7f8471dcd3621 2ae0548115a250 0c1988e9 76f98bef45639b7 0d5a28f01dc b71 c046576faa4d49eff8 c1e8d01c 10c86c457ea050455a742da4f8 ea7676af85c71c7eeca635 6a07137227404d a4 7186172 8150f31c9a15401c f1bb9057a9938bfa 22b482be08f424ec4 21daea994293589 15bff393f6b17fef24786dd6f9 d5a2d 4b3b5dd9370543e b4a93b2ac4341945d06 d384447812e0 4e3c97e9b8f7 f7d4d644b2a1d373 5102c b9531f725674b28 1aa16e7e34285797c1439 51aa762ea14b40fb8876c887eea6 45a62d3d5d3e946250904697486591 b3f1a8 243524767bf846d 8 95 45a922872 dd2497eb1e3da8d513d2 7821db9e14d4f 24c4f085de60d7c0c6ea3fc6bc e4c9f8c68596d7d afd6c8cb0f2516b87f24bbd8 61d2e457c70949 d2d362cdc657 3605f9d27fd6d72 32de91d66fe5bf537530 859e1a08b65 9b5a55f 4116cda9fddeb843964002 e81f3b2c0ca566ad3dbbc6e234 0d3b1d54 10c440be5c0bca95 7dad841f a61f041967972e805ccfee55c deee9cc16e92ab197 7627554073c1f56b9e 21bebcbfd2e2282f84 7b121a83eeb91db8bda81ba88c634b46394 59885ebc737617addaaf0cb809 2eb2c961c1cbf6 cf8d7b68cb9a2f36 7bbedb4ae7 06ec46c55611a466eb7e3edcc009ca6 e 5ed9cd0ea5a4e55d601027c56a  64cacf3a42afc 90e63000c34506993345355640 79bce 173bb7 c5 574ea7c921cb0f25 089d56d16dff24f336e4740 6870470f1f9afcb4f7c56c9f b97e117fc965 7013029 e48f6dd481 7d00e1e227beef84a9 904d4c34241f cb5c0f14 3a8a70 f51a73164e92052fbb53b4cc2f1fed 3c3fecaa0270175 2521ef03594 fa05756812648f450fb 13c2f b39a0729d6182e9 15b5ea204fe73 d8991afd72d21acd188df1 a29fff57ab897338 de549b3ed5a024534c007125c 2fcf3e5c3e3 7427b6daec5c3f 473 8 a5d9 840410976ac2eeab58e1ca8bf46c2b7 1db9cc85a336f1291ea19922 db808f3548cda91 2e379ce80af12bd7ed56d0338c a ea67a7c847f6620fc894f0ba10044 0e 52e97d975af7201d8 d95e6f08184d8ff 19762476fa 42f278f3534f3f2be0abaed71 f0aba11835e4e1d94 e8534cf677046eafb8f5f761865 ffbee273c7bb 2bb77f6e780 c77e81851c491 e a9f45d765b01a030d5d317 ff7345a22bc360 c87363ba121297b063e83 13ea32e9618d 40304f6c2a7e92c1c66ff4208e a781b4a21419abfdf5eb467e4d48908 8a65656e514b2b3ef8f86310aaf85 4 90b7b2862e3dbc8f0eef3dfc6075bfa eb94a1c a58abb5def4fa43840e6e2716 260e6eaebb 42415d712bf83944dcd1204e 305254fc3b849150b5 5bbd7f8471dcd3621 2ae0548115a250 0c1988e9 76f98bef45639b7 0d5a28f01dc b71 c046576faa4d49eff8 c1e8d01c 10c86c457ea050455a742da4f8 ea7676af85c71c7eeca635 6a07137227404d a4 7186172 8150f31c9a15401c f1bb9057a9938bfa 22b482be08f424ec4 21daea994293589 15bff393f6b17fef24786dd6f9 d5a2d 4b3b5dd9370543e b4a93b2ac4341945d06 d384447812e0 4e3c97e9b8f7 f7d4d644b2a1d373 5102c b9531f725674b28 1aa16e7e34285797c1439 51aa762ea14b40fb8876c887eea6 45a62d3d5d3e946250904697486591 b3f1a8 243524767bf846d 8 95 45a922872 dd2497eb1e3da8d513d2 7821db9e14d4f 24c4f085de60d7c0c6ea3fc6bc e4c9f8c68596d7d afd6c8cb0f2516b87f24bbd8 61d2e457c70949 d2d362cdc657 3605f9d27fd6d72 32de91d66fe5bf537530 859e1a08b65 9b5a55f 4116cda9fddeb843964002 e81f3b2c0ca566ad3dbbc6e234 0d3b1d54 10c440be5c0bca95 7dad841f a61f041967972e805ccfee55c deee9cc16e92ab197 7627554073c1f56b9e 21bebcbfd2e2282f84 7b121a83eeb91db8bda81ba88c634b46394 59885ebc737617addaaf0cb809 2eb2c961c1cbf6 cf8d7b68cb9a2f36 7bbedb4ae7 06ec46c55611a466eb7e3edcc009ca6 e 5ed9cd0ea5a4e55d601027c56a  64cacf3a42afc 90e63000c34506993345355640 79bce 173bb7 c5 574ea7c921cb0f25 089d56d16dff24f336e4740 6870470f1f9afcb4f7c56c9f b97e117fc965 7013029 e48f6dd481 7d00e1e227beef84a9 904d4c34241f cb5c0f14 3a8a70 f51a73164e92052fbb53b4cc2f1fed 3c3fecaa0270175 2521ef03594 fa05756812648f450fb 13c2f b39a0729d6182e9 15b5ea204fe73 d8991afd72d21acd188df1 a29fff57ab897338 de549b3ed5a024534c007125c 2fcf3e5c3e3 7427b6daec5c3f 473 8 a5d9 840410976ac2eeab58e1ca8bf46c2b7 1db9cc85a336f1291ea19922 db808f3548cda91 2e379ce80af12bd7ed56d0338c a ea67a7c847f6620fc894f0ba10044 0e 52e97d975af7201d8 d95e6f08184d8ff 19762476fa 42f278f3534f3f2be0abaed71 f0aba11835e4e1d94 e8534cf677046eafb8f5f761865 ffbee273c7bb 2bb77f6e780 c77e81851c491 e a9f45d765b01a030d5d317 ff7345a22bc360 c87363ba121297b063e83 13ea32e9618d 40304f6c2a7e92c1c66ff4208e a781b4a21419abfdf5eb467e4d48908 8a65656e514b2b3ef8f86310aaf85 4 90b7b2862e3dbc8f0eef3dfc6075bfa eb94a1c a58abb5def4fa43840e6e2716 260e6eaebb 42415d712bf83944dcd1204e 305254fc3b849150b5 5bbd7f8471dcd3621 2ae0548115a250 0c1988e9 76f98bef45639b7 0d5a28f01dc b71 c046576faa4d49eff8 c1e8d01c 10c86c457ea050455a742da4f8 ea7676af85c71c7eeca635 6a07137227404d a4 7186172 8150f31c9a15401c f1bb9057a9938bfa 22b482be08f424ec4 21daea994293589 15bff393f6b17fef24786dd6f9 d5a2d 4b3b5dd9370543e b4a93b2ac4341945d06 d384447812e0 4e3c97e9b8f7 f7d4d644b2a1d373 5102c b9531f725674b28 1aa16e7e34285797c1439 51aa762ea14b40fb8876c887eea6 45a62d3d5d3e946250904697486591 b3f1a8 243524767bf846d 8 95 45a922872 dd2497eb1e3da8d513d2 7821db9e14d4f 24c4f085de60d7c0c6ea3fc6bc e4c9f8c68596d7d afd6c8cb0f2516b87f24bbd8 61d2e457c70949 d2d362cdc657 3605f9d27fd6d72 32de91d66fe5bf537530 859e1a08b65 9b5a55f 4116cda9fddeb843964002 e81f3b2c0ca566ad3dbbc6e234 0d3b1d54 10c440be5c0bca95 7dad841f a61f041967972e805ccfee55c deee9cc16e92ab197 7627554073c1f56b9e 21bebcbfd2e2282f84 7b121a83eeb91db8bda81ba88c634b46394 59885ebc737617addaaf0cb809 2eb2c961c1cbf6 cf8d7b68cb9a2f36 7bbedb4ae7 06ec46c55611a466eb7e3edcc009ca6 e 5ed9cd0ea5a4e55d601027c56a  64cacf3a42afc 90e63000c34506993345355640 79bce 173bb7 c5 574ea7c921cb0f25 089d56d16dff24f336e4740 6870470f1f9afcb4f7c56c9f b97e117fc965 7013029 e48f6dd481 7d00e1e227beef84a9 904d4c34241f cb5c0f14 3a8a70 f51a73164e92052fbb53b4cc2f1fed 3c3fecaa0270175 2521ef03594 fa05756812648f450fb 13c2f b39a0729d6182e9 15b5ea204fe73 d8991afd72d21acd188df1 a29fff57ab897338 de549b3ed5a024534c007125c 2fcf3e5c3e3 7427b6daec5c3f 473 8 a5d9 840410976ac2eeab58e1ca8bf46c2b7 1db9cc85a336f1291ea19922 db808f3548cda91 2e379ce80af12bd7ed56d0338c a ea67a7c847f6620fc894f0ba10044 0e 52e97d975af7201d8 d95e6f08184d8ff 19762476fa 42f278f3534f3f2be0abaed71 f0aba11835e4e1d94 e8534cf677046eafb8f5f761865 ffbee273c7bb 2bb77f6e780 c77e81851c491 e a9f45d765b01a030d5d317 ff7345a22bc360 c87363ba121297b063e83 13ea32e9618d 40304f6c2a7e92c1c66ff4208e a781b4a21419abfdf5eb467e4d48908 8a65656e514b2b3ef8f86310aaf85 4 90b7b2862e3dbc8f0eef3dfc6075bfa eb94a1c a58abb5def4fa43840e6e2716 260e6eaebb 42415d712bf83944dcd1204e 305254fc3b849150b5 5bbd7f8471dcd3621 2ae0548115a250 0c1988e9 76f98bef45639b7 0d5a28f01dc b71 c046576faa4d49eff8 c1e8d01c 10c86c457ea050455a742da4f8 ea7676af85c71c7eeca635 6a07137227404d a4 7186172 8150f31c9a15401c f1bb9057a9938bfa 22b482be08f424ec4 21daea994293589 15bff393f6b17fef24786dd6f9 d5a2d 4b3b5dd9370543e b4a93b2ac4341945d06 d384447812e0 4e3c97e9b8f7 f7d4d644b2a1d373 5102c b9531f725674b28 1aa16e7e34285797c1439 51aa762ea14b40fb8876c887eea6 45a62d3d5d3e946250904697486591 b3f1a8 243524767bf846d 8 95 45a922872 dd2497eb1e3da8d513d2 7821db9e14d4f 24c4f085de60d7c0c6ea3fc6bc e4c9f8c68596d7d afd6c8cb0f2516b87f24bbd8 61d2e457c70949 d2d362cdc657 3605f9d27fd6d72 32de91d66fe5bf537530 859e1a08b65 9b5a55f 4116cda9fddeb843964002 e81f3b2c0ca566ad3dbbc6e234 0d3b1d54 10c440be5c0bca95 7dad841f a61f041967972e805ccfee55c deee9cc16e92ab197 7627554073c1f56b9e 21bebcbfd2e2282f84 7b121a83eeb91db8bda81ba88c634b46394 59885ebc737617addaaf0cb809 2eb2c961c1cbf6 cf8d7b68cb9a2f36 7bbedb4ae7 06ec46c55611a466eb7e3edcc009ca6 e 5ed9cd0ea5a4e55d601027c56a  64cacf3a42afc 90e63000c34506993345355640 79bce 173bb7 c5 574ea7c921cb0f25 089d56d16dff24f336e4740 6870470f1f9afcb4f7c56c9f b97e117fc965 7013029 e48f6dd481 7d00e1e227beef84a9 904d4c34241f cb5c0f14 3a8a70 f51a73164e92052fbb53b4cc2f1fed 3c3fecaa0270175 2521ef03594 fa05756812648f450fb 13c2f b39a0729d6182e9 15b5ea204fe73 d8991afd72d21acd188df1 a29fff57ab897338 de549b3ed5a024534c007125c 2fcf3e5c3e3 7427b6daec5c3f 473 8 a5d9 840410976ac2eeab58e1ca8bf46c2b7 1db9cc85a336f1291ea19922 db808f3548cda91 2e379ce80af12bd7ed56d0338c a ea67a7c847f6620fc894f0ba10044 0e 52e97d975af7201d8 d95e6f08184d8ff 19762476fa 42f278f3534f3f2be0abaed71 f0aba11835e4e1d94 e8534cf677046eafb8f5f761865 ffbee273c7bb 2bb77f6e780 c77e81851c491 e a9f45d765b01a030d5d317 ff7345a22bc360 c87363ba121297b063e83 13ea32e9618d 40304f6c2a7e92c1c66ff4208e a781b4a21419abfdf5eb467e4d48908 8a65656e514b2b3ef8f86310aaf85 4 90b7b2862e3dbc8f0eef3dfc6075bfa eb94a1c a58abb5def4fa43840e6e2716 260e6eaebb 42415d712bf83944dcd1204e 305254fc3b849150b5 5bbd7f8471dcd3621 2ae0548115a250 0c1988e9 76f98bef45639b7 0d5a28f01dc b71 c046576faa4d49eff8 c1e8d01c 10c86c457ea050455a742da4f8 ea7676af85c71c7eeca635 6a07137227404d a4 7186172 8150f31c9a15401c f1bb9057a9938bfa 22b482be08f424ec4 21daea994293589 15bff393f6b17fef24786dd6f9 d5a2d 4b3b5dd9370543e b4a93b2ac4341945d06 d384447812e0 4e3c97e9b8f7 f7d4d644b2a1d373 5102c b9531f725674b28 1aa16e7e34285797c1439 51aa762ea14b40fb8876c887eea6 45a62d3d5d3e946250904697486591 b3f1a8 243524767bf846d 8 95 45a922872 dd2497eb1e3da8d513d2 7821db9e14d4f 24c4f085de60d7c0c6ea3fc6bc e4c9f8c68596d7d afd6c8cb0f2516b87f24bbd8 61d2e457c70949 d2d362cdc657 3605f9d27fd6d72 32de91d66fe5bf537530 859e1a08b65 9b5a55f 4116cda9fddeb843964002 e81f3b2c0ca566ad3dbbc6e234 0d3b1d54 10c440be5c0bca95 7dad841f a61f041967972e805ccfee55c deee9cc16e92ab197 7627554073c1f56b9e 21bebcbfd2e2282f84 7b121a83eeb91db8bda81ba88c634b46394 59885ebc737617addaaf0cb809 2eb2c961c1cbf6 cf8d7b68cb9a2f36 7bbedb4ae7 06ec46c55611a466eb7e3edcc009ca6 e 5ed9cd0ea5a4e55d601027c56a  64cacf3a42afc 90e63000c34506993345355640 79bce 173bb7 c5 574ea7c921cb0f25 089d56d16dff24f336e4740 6870470f1f9afcb4f7c56c9f b97e117fc965 7013029 e48f6dd481 7d00e1e227beef84a9 904d4c34241f cb5c0f14 3a8a70 f51a73164e92052fbb53b4cc2f1fed 3c3fecaa0270175 2521ef03594 fa05756812648f450fb 13c2f b39a0729d6182e9 15b5ea204fe73 d8991afd72d21acd188df1 a29fff57ab897338 de549b3ed5a024534c007125c 2fcf3e5c3e3 7427b6daec5c3f 473 8 a5d9 840410976ac2eeab58e1ca8bf46c2b7 1db9cc85a336f1291ea19922 db808f3548cda91 2e379ce80af12bd7ed56d0338c a ea67a7c847f6620fc894f0ba10044 0e 52e97d975af7201d8 d95e6f08184d8ff 19762476fa 42f278f3534f3f2be0abaed71 f0aba11835e4e1d94 e8534cf677046eafb8f5f761865 ffbee273c7bb 2bb77f6e780 c77e81851c491 e a9f45d765b01a030d5d317 ff7345a22bc360 c87363ba121297b063e83 13ea32e9618d 40304f6c2a7e92c1c66ff4208e a781b4a21419abfdf5eb467e4d48908 8a65656e514b2b3ef8f86310aaf85 4 90b7b2862e3dbc8f0eef3dfc6075bfa eb94a1c a58abb5def4fa43840e6e2716 260e6eaebb 42415d712bf83944dcd1204e 305254fc3b849150b5 5bbd7f8471dcd3621 2ae0548115a250 0c1988e9 76f98bef45639b7 0d5a28f01dc b71 c046576faa4d49eff8 c1e8d01c 10c86c457ea050455a742da4f8 ea7676af85c71c7eeca635 6a07137227404d a4 7186172 8150f31c9a15401c f1bb9057a9938bfa 22b482be08f424ec4 21daea994293589 15bff393f6b17fef24786dd6f9 d5a2d 4b3b5dd9370543e b4a93b2ac4341945d06 d384447812e0 4e3c97e9b8f7 f7d4d644b2a1d373 5102c b9531f725674b28 1aa16e7e34285797c1439 51aa762ea14b40fb8876c887eea6 45a62d3d5d3e946250904697486591 b3f1a8 243524767bf846d 8 95 45a922872 dd2497eb1e3da8d513d2 7821db9e14d4f 24c4f085de60d7c0c6ea3fc6bc e4c9f8c68596d7d afd6c8cb0f2516b87f24bbd8 61d2e457c70949 d2d362cdc657 3605f9d27fd6d72 32de91d66fe5bf537530 859e1a08b65 9b5a55f 4116cda9fddeb843964002 e81f3b2c0ca566ad3dbbc6e234 0d3b1d54 10c440be5c0bca95 7dad841f a61f041967972e805ccfee55c deee9cc16e92ab197 7627554073c1f56b9e 21bebcbfd2e2282f84 7b121a83eeb91db8bda81ba88c634b46394 59885ebc737617addaaf0cb809 2eb2c961c1cbf6 cf8d7b68cb9a2f36 7bbedb4ae7 06ec46c55611a466eb7e3edcc009ca6 e 5ed9cd0ea5a4e55d601027c56a  64cacf3a42afc 90e63000c34506993345355640 79bce 173bb7 c5 574ea7c921cb0f25 089d56d16dff24f336e4740 6870470f1f9afcb4f7c56c9f b97e117fc965 7013029 e48f6dd481 7d00e1e227beef84a9 904d4c34241f cb5c0f14 3a8a70 f51a73164e92052fbb53b4cc2f1fed 3c3fecaa0270175 2521ef03594 fa05756812648f450fb 13c2f b39a0729d6182e9 15b5ea204fe73 d8991afd72d21acd188df1 a29fff57ab897338 de549b3ed5a024534c007125c 2fcf3e5c3e3 7427b6daec5c3f 473 8 a5d9 840410976ac2eeab58e1ca8bf46c2b7 1db9cc85a336f1291ea19922 db808f3548cda91 2e379ce80af12bd7ed56d0338c a ea67a7c847f6620fc894f0ba10044 0e 52e97d975af7201d8 d95e6f08184d8ff 19762476fa 42f278f3534f3f2be0abaed71 f0aba11835e4e1d94 e8534cf677046eafb8f5f761865 ffbee273c7bb 2bb77f6e780 c77e81851c491 e a9f45d765b01a030d5d317 ff7345a22bc360 c87363ba121297b063e83 13ea32e9618d 40304f6c2a7e92c1c66ff4208e a781b4a21419abfdf5eb467e4d48908 8a65656e514b2b3ef8f86310aaf85 4 90b7b2862e3dbc8f0eef3dfc6075bfa eb94a1c a58abb5def4fa43840e6e2716 260e6eaebb 42415d712bf83944dcd1204e 305254fc3b849150b5 5bbd7f8471dcd3621 2ae0548115a250 0c1988e9 76f98bef45639b7 0d5a28f01dc b71 c046576faa4d49eff8 c1e8d01c 10c86c457ea050455a742da4f8 ea7676af85c71c7eeca635 6a07137227404d a4 7186172 8150f31c9a15401c f1bb9057a9938bfa 22b482be08f424ec4 21daea994293589 15bff393f6b17fef24786dd6f9 d5a2d 4b3b5dd9370543e b4a93b2ac4341945d06 d384447812e0 4e3c97e9b8f7 f7d4d644b2a1d373 5102c b9531f725674b28 1aa16e7e34285797c1439 51aa762ea14b40fb8876c887eea6 45a62d3d5d3e946250904697486591 b3f1a8 243524767bf846d 8 95 45a922872 dd2497eb1e3da8d513d2 7821db9e14d4f 24c4f085de60d7c0c6ea3fc6bc e4c9f8c68596d7d afd6c8cb0f2516b87f24bbd8 61d2e457c70949 d2d362cdc657 3605f9d27fd6d72 32de91d66fe5bf537530 859e1a08b65 9b5a55f 4116cda9fddeb843964002 e81f3b2c0ca566ad3dbbc6e234 0d3b1d54 10c440be5c0bca95 7dad841f a61f041967972e805ccfee55c deee9cc16e92ab197 7627554073c1f56b9e 21bebcbfd2e2282f84 7b121a83eeb91db8bda81ba88c634b46394 59885ebc737617addaaf0cb809'::bytea;
 count 
-------
     1
(1 row)

