# Query 1: filter:(sn=Jon) attrs:all (expect nothing)
# Query 2: filter:(|(cn=*Jon*)(sn=Jon*)) attrs:cn sn title uid
dn: cn=James A Jones 1,ou=Alumni Association,ou=People,dc=example,dc=com
cn: James A Jones 1
cn: James Jones
cn: Jim Jones
sn: Jones
uid: jaj
title: Mad Cow Researcher, UM Alumni Association

dn: cn=James A Jones 2,ou=Information Technology Division,ou=People,dc=example
 ,dc=com
cn: James A Jones 2
cn: James Jones
cn: Jim Jones
sn: Doe
uid: jjones
title: Senior Manager, Information Technology Division

dn: cn=John Doe,ou=Information Technology Division,ou=People,dc=example,dc=com
cn: John Doe
cn: Jonathon Doe
sn: Doe
uid: johnd
title: System Administrator, Information Technology Division

# Query 3: filter:(sn=Smith*) attrs:cn sn uid
dn: cn=Jennifer Smith,ou=Alumni Association,ou=People,dc=example,dc=com
cn: Jennifer Smith
cn: Jen Smith
sn: Smith
uid: jen

# Query 4: filter:(sn=Doe*) attrs:cn sn title uid
dn: cn=James A Jones 2,ou=Information Technology Division,ou=People,dc=example
 ,dc=com
cn: James A Jones 2
cn: James Jones
cn: Jim Jones
sn: Doe
uid: jjones
title: Senior Manager, Information Technology Division

dn: cn=Jane Doe,ou=Alumni Association,ou=People,dc=example,dc=com
cn: Jane Doe
cn: Jane Alverson
sn: Doe
uid: jdoe
title: Programmer Analyst, UM Alumni Association

dn: cn=John Doe,ou=Information Technology Division,ou=People,dc=example,dc=com
cn: John Doe
cn: Jonathon Doe
sn: Doe
uid: johnd
title: System Administrator, Information Technology Division

# Query 5: filter:(uid=johnd) attrs:mail postaladdress telephonenumber cn uid
dn: cn=John Doe,ou=Information Technology Division,ou=People,dc=example,dc=com
cn: John Doe
cn: Jonathon Doe
uid: johnd
postalAddress: ITD $ 535 W. William $ Anytown, MI 48109
mail: johnd@mailgw.example.com
telephoneNumber: +1 313 555 9394

# Query 6: filter:(mail=*@mail.alumni.example.com) attrs:cn sn title uid
dn: cn=Dorothy Stevens,ou=Alumni Association,ou=People,dc=example,dc=com
cn: Dorothy Stevens
cn: Dot Stevens
sn: Stevens
uid: dots
title: Secretary, UM Alumni Association

dn: cn=James A Jones 1,ou=Alumni Association,ou=People,dc=example,dc=com
cn: James A Jones 1
cn: James Jones
cn: Jim Jones
sn: Jones
uid: jaj
title: Mad Cow Researcher, UM Alumni Association

dn: cn=Jennifer Smith,ou=Alumni Association,ou=People,dc=example,dc=com
cn: Jennifer Smith
cn: Jen Smith
sn: Smith
uid: jen
title: Telemarketer, UM Alumni Association

dn: cn=Mark Elliot,ou=Alumni Association,ou=People,dc=example,dc=com
cn: Mark Elliot
cn: Mark A Elliot
sn: Elliot
uid: melliot
title: Director, UM Alumni Association

dn: cn=Ursula Hampster,ou=Alumni Association,ou=People,dc=example,dc=com
cn: Ursula Hampster
sn: Hampster
uid: uham
title: Secretary, UM Alumni Association

# Query 7: filter:(mail=*) attrs:cn sn title uid
dn: cn=Barbara Jensen,ou=Information Technology Division,ou=People,dc=example,
 dc=com
cn: Barbara Jensen
cn: Babs Jensen
sn:: IEplbnNlbiA=
uid: bjensen
title: Mythical Manager, Research Systems

dn: cn=Bjorn Jensen,ou=Information Technology Division,ou=People,dc=example,dc
 =com
cn: Bjorn Jensen
cn: Biiff Jensen
sn: Jensen
uid: bjorn
title: Director, Embedded Systems

dn: cn=Dorothy Stevens,ou=Alumni Association,ou=People,dc=example,dc=com
cn: Dorothy Stevens
cn: Dot Stevens
sn: Stevens
uid: dots
title: Secretary, UM Alumni Association

dn: cn=James A Jones 1,ou=Alumni Association,ou=People,dc=example,dc=com
cn: James A Jones 1
cn: James Jones
cn: Jim Jones
sn: Jones
uid: jaj
title: Mad Cow Researcher, UM Alumni Association

dn: cn=James A Jones 2,ou=Information Technology Division,ou=People,dc=example
 ,dc=com
cn: James A Jones 2
cn: James Jones
cn: Jim Jones
sn: Doe
uid: jjones
title: Senior Manager, Information Technology Division

dn: cn=Jane Doe,ou=Alumni Association,ou=People,dc=example,dc=com
cn: Jane Doe
cn: Jane Alverson
sn: Doe
uid: jdoe
title: Programmer Analyst, UM Alumni Association

dn: cn=Jennifer Smith,ou=Alumni Association,ou=People,dc=example,dc=com
cn: Jennifer Smith
cn: Jen Smith
sn: Smith
uid: jen
title: Telemarketer, UM Alumni Association

dn: cn=John Doe,ou=Information Technology Division,ou=People,dc=example,dc=com
cn: John Doe
cn: Jonathon Doe
sn: Doe
uid: johnd
title: System Administrator, Information Technology Division

dn: cn=Mark Elliot,ou=Alumni Association,ou=People,dc=example,dc=com
cn: Mark Elliot
cn: Mark A Elliot
sn: Elliot
uid: melliot
title: Director, UM Alumni Association

dn: cn=Ursula Hampster,ou=Alumni Association,ou=People,dc=example,dc=com
cn: Ursula Hampster
sn: Hampster
uid: uham
title: Secretary, UM Alumni Association

# Query 8: filter:(mail=*example.com) attrs:cn sn title uid
dn: cn=Barbara Jensen,ou=Information Technology Division,ou=People,dc=example,
 dc=com
cn: Barbara Jensen
cn: Babs Jensen
sn:: IEplbnNlbiA=
uid: bjensen
title: Mythical Manager, Research Systems

# Query 9: filter:(uid=b*) attrs:mail
dn: cn=Barbara Jensen,ou=Information Technology Division,ou=People,dc=example,
 dc=com
mail: bjensen@mailgw.example.com

# Query 10: filter:(|(cn=All Staff)(sn=All Staff)) attrs:sn cn title uid undefinedAttr
dn: cn=All Staff,ou=Groups,dc=example,dc=com
cn: All Staff

# Query 11: filter:(|(cn=*Jones)(sn=Jones)) attrs:cn sn title uid
dn: cn=James A Jones 1,ou=Alumni Association,ou=People,dc=example,dc=com
cn: James A Jones 1
cn: James Jones
cn: Jim Jones
sn: Jones
uid: jaj
title: Mad Cow Researcher, UM Alumni Association

dn: cn=James A Jones 2,ou=Information Technology Division,ou=People,dc=example
 ,dc=com
cn: James A Jones 2
cn: James Jones
cn: Jim Jones
sn: Doe
uid: jjones
title: Senior Manager, Information Technology Division

# Query 12: filter:(sn=Smith) attrs:cn sn title uid
dn: cn=Jennifer Smith,ou=Alumni Association,ou=People,dc=example,dc=com
cn: Jennifer Smith
cn: Jen Smith
sn: Smith
uid: jen
title: Telemarketer, UM Alumni Association

# Query 13: filter:(uid=bjorn) attrs:mail postaladdress telephonenumber cn uid
dn: cn=Bjorn Jensen,ou=Information Technology Division,ou=People,dc=example,dc
 =com
cn: Bjorn Jensen
cn: Biiff Jensen
uid: bjorn
postalAddress: Info Tech Division $ 535 W. William St. $ Anytown, MI 48103
mail: bjorn@mailgw.example.com
telephoneNumber: +1 313 555 0355

# Query 14: filter:(mail=jaj@mail.alumni.example.com) attrs:cn sn title uid
dn: cn=James A Jones 1,ou=Alumni Association,ou=People,dc=example,dc=com
cn: James A Jones 1
cn: James Jones
cn: Jim Jones
sn: Jones
uid: jaj
title: Mad Cow Researcher, UM Alumni Association

# Query 15: filter:(mail=*example.com) attrs:cn sn title uid
dn: cn=Barbara Jensen,ou=Information Technology Division,ou=People,dc=example,
 dc=com
cn: Barbara Jensen
cn: Babs Jensen
sn:: IEplbnNlbiA=
uid: bjensen
title: Mythical Manager, Research Systems

# Query 16: filter:(uid=b*) attrs:mail
dn: cn=Barbara Jensen,ou=Information Technology Division,ou=People,dc=example,
 dc=com
mail: bjensen@mailgw.example.com

# Query 17: filter:(|(cn=All Staff)(sn=All Staff)) attrs:sn cn title uid undefinedAttr
dn: cn=All Staff,ou=Groups,dc=example,dc=com
cn: All Staff

