IP 10.0.0.1.1024 > 146.84.28.88.53: 60777 Type49159 (Class 49168)? <BAD PTR>[|domain]
