IP (tos 0xc0, ttl 2, id 0, offset 0, flags [none], proto EIGRP (88), length 60)
    10.0.0.2 > 224.0.0.10: 
	EIGRP v2, opcode: Hello (5), chksum: 0xee68, Flags: [none]
	seq: 0x00000000, ack: 0x00000000, AS: 100, length: 20
	  General Parameters TLV (0x0001), length: 12
	    holdtime: 15s, k1 1, k2 0, k3 1, k4 0, k5 0
	  Software Version TLV (0x0004), length: 8
	    IOS version: 12.4, EIGRP version 1.2
IP (tos 0xc0, ttl 2, id 0, offset 0, flags [none], proto EIGRP (88), length 60)
    10.0.0.1 > 224.0.0.10: 
	EIGRP v2, opcode: Hello (5), chksum: 0xee68, Flags: [none]
	seq: 0x00000000, ack: 0x00000000, AS: 100, length: 20
	  General Parameters TLV (0x0001), length: 12
	    holdtime: 15s, k1 1, k2 0, k3 1, k4 0, k5 0
	  Software Version TLV (0x0004), length: 8
	    IOS version: 12.4, EIGRP version 1.2
IP (tos 0xc0, ttl 2, id 0, offset 0, flags [none], proto EIGRP (88), length 60)
    10.0.0.2 > 224.0.0.10: 
	EIGRP v2, opcode: Hello (5), chksum: 0xee68, Flags: [none]
	seq: 0x00000000, ack: 0x00000000, AS: 100, length: 20
	  General Parameters TLV (0x0001), length: 12
	    holdtime: 15s, k1 1, k2 0, k3 1, k4 0, k5 0
	  Software Version TLV (0x0004), length: 8
	    IOS version: 12.4, EIGRP version 1.2
IP (tos 0xc0, ttl 2, id 0, offset 0, flags [none], proto EIGRP (88), length 60)
    10.0.0.1 > 224.0.0.10: 
	EIGRP v2, opcode: Hello (5), chksum: 0xee68, Flags: [none]
	seq: 0x00000000, ack: 0x00000000, AS: 100, length: 20
	  General Parameters TLV (0x0001), length: 12
	    holdtime: 15s, k1 1, k2 0, k3 1, k4 0, k5 0
	  Software Version TLV (0x0004), length: 8
	    IOS version: 12.4, EIGRP version 1.2
IP (tos 0xc0, ttl 2, id 0, offset 0, flags [none], proto EIGRP (88), length 60)
    10.0.0.2 > 224.0.0.10: 
	EIGRP v2, opcode: Hello (5), chksum: 0xee68, Flags: [none]
	seq: 0x00000000, ack: 0x00000000, AS: 100, length: 20
	  General Parameters TLV (0x0001), length: 12
	    holdtime: 15s, k1 1, k2 0, k3 1, k4 0, k5 0
	  Software Version TLV (0x0004), length: 8
	    IOS version: 12.4, EIGRP version 1.2
IP (tos 0xc0, ttl 2, id 0, offset 0, flags [none], proto EIGRP (88), length 60)
    10.0.0.1 > 224.0.0.10: 
	EIGRP v2, opcode: Hello (5), chksum: 0xee68, Flags: [none]
	seq: 0x00000000, ack: 0x00000000, AS: 100, length: 20
	  General Parameters TLV (0x0001), length: 12
	    holdtime: 15s, k1 1, k2 0, k3 1, k4 0, k5 0
	  Software Version TLV (0x0004), length: 8
	    IOS version: 12.4, EIGRP version 1.2
IP (tos 0xc0, ttl 2, id 0, offset 0, flags [none], proto EIGRP (88), length 60)
    10.0.0.2 > 224.0.0.10: 
	EIGRP v2, opcode: Hello (5), chksum: 0xee68, Flags: [none]
	seq: 0x00000000, ack: 0x00000000, AS: 100, length: 20
	  General Parameters TLV (0x0001), length: 12
	    holdtime: 15s, k1 1, k2 0, k3 1, k4 0, k5 0
	  Software Version TLV (0x0004), length: 8
	    IOS version: 12.4, EIGRP version 1.2
IP (tos 0xc0, ttl 2, id 0, offset 0, flags [none], proto EIGRP (88), length 60)
    10.0.0.1 > 224.0.0.10: 
	EIGRP v2, opcode: Hello (5), chksum: 0xee68, Flags: [none]
	seq: 0x00000000, ack: 0x00000000, AS: 100, length: 20
	  General Parameters TLV (0x0001), length: 12
	    holdtime: 15s, k1 1, k2 0, k3 1, k4 0, k5 0
	  Software Version TLV (0x0004), length: 8
	    IOS version: 12.4, EIGRP version 1.2
IP (tos 0xc0, ttl 2, id 0, offset 0, flags [none], proto EIGRP (88), length 60)
    10.0.0.2 > 224.0.0.10: 
	EIGRP v2, opcode: Hello (5), chksum: 0xf167, Flags: [none]
	seq: 0x00000000, ack: 0x00000000, AS: 100, length: 20
	  General Parameters TLV (0x0001), length: 12
	    holdtime: 15s, k1 255, k2 255, k3 255, k4 255, k5 255
	  Software Version TLV (0x0004), length: 8
	    IOS version: 12.4, EIGRP version 1.2
IP (tos 0xc0, ttl 2, id 0, offset 0, flags [none], proto EIGRP (88), length 60)
    10.0.0.1 > 224.0.0.10: 
	EIGRP v2, opcode: Hello (5), chksum: 0xee68, Flags: [none]
	seq: 0x00000000, ack: 0x00000000, AS: 100, length: 20
	  General Parameters TLV (0x0001), length: 12
	    holdtime: 15s, k1 1, k2 0, k3 1, k4 0, k5 0
	  Software Version TLV (0x0004), length: 8
	    IOS version: 12.4, EIGRP version 1.2
IP (tos 0xc0, ttl 2, id 0, offset 0, flags [none], proto EIGRP (88), length 60)
    10.0.0.1 > 224.0.0.10: 
	EIGRP v2, opcode: Hello (5), chksum: 0xee68, Flags: [none]
	seq: 0x00000000, ack: 0x00000000, AS: 100, length: 20
	  General Parameters TLV (0x0001), length: 12
	    holdtime: 15s, k1 1, k2 0, k3 1, k4 0, k5 0
	  Software Version TLV (0x0004), length: 8
	    IOS version: 12.4, EIGRP version 1.2
IP (tos 0xc0, ttl 2, id 0, offset 0, flags [none], proto EIGRP (88), length 60)
    10.0.0.1 > 224.0.0.10: 
	EIGRP v2, opcode: Hello (5), chksum: 0xee68, Flags: [none]
	seq: 0x00000000, ack: 0x00000000, AS: 100, length: 20
	  General Parameters TLV (0x0001), length: 12
	    holdtime: 15s, k1 1, k2 0, k3 1, k4 0, k5 0
	  Software Version TLV (0x0004), length: 8
	    IOS version: 12.4, EIGRP version 1.2
IP (tos 0xc0, ttl 2, id 0, offset 0, flags [none], proto EIGRP (88), length 60)
    10.0.0.1 > 224.0.0.10: 
	EIGRP v2, opcode: Hello (5), chksum: 0xee68, Flags: [none]
	seq: 0x00000000, ack: 0x00000000, AS: 100, length: 20
	  General Parameters TLV (0x0001), length: 12
	    holdtime: 15s, k1 1, k2 0, k3 1, k4 0, k5 0
	  Software Version TLV (0x0004), length: 8
	    IOS version: 12.4, EIGRP version 1.2
IP (tos 0xc0, ttl 2, id 0, offset 0, flags [none], proto EIGRP (88), length 60)
    10.0.0.1 > 224.0.0.10: 
	EIGRP v2, opcode: Hello (5), chksum: 0xee68, Flags: [none]
	seq: 0x00000000, ack: 0x00000000, AS: 100, length: 20
	  General Parameters TLV (0x0001), length: 12
	    holdtime: 15s, k1 1, k2 0, k3 1, k4 0, k5 0
	  Software Version TLV (0x0004), length: 8
	    IOS version: 12.4, EIGRP version 1.2
IP (tos 0xc0, ttl 2, id 0, offset 0, flags [none], proto EIGRP (88), length 60)
    10.0.0.1 > 224.0.0.10: 
	EIGRP v2, opcode: Hello (5), chksum: 0xee68, Flags: [none]
	seq: 0x00000000, ack: 0x00000000, AS: 100, length: 20
	  General Parameters TLV (0x0001), length: 12
	    holdtime: 15s, k1 1, k2 0, k3 1, k4 0, k5 0
	  Software Version TLV (0x0004), length: 8
	    IOS version: 12.4, EIGRP version 1.2
