GeoNet src:30:30:30:30:30:30; v:3 NH:0-Any HT:3-0-GeoAnycastCircle HopLim:48 Payload:12336 [|geonet]
