IP 192.168.0.30.1985 > 224.0.0.2.1985: HSRPv0-hello 20: state=active group=1 addr=192.168.0.1
IP 192.168.0.20.1985 > 224.0.0.2.1985: HSRPv0-hello 20: state=standby group=1 addr=192.168.0.1
IP 192.168.0.30.1985 > 224.0.0.2.1985: HSRPv0-hello 20: state=active group=1 addr=192.168.0.1
IP 192.168.0.20.1985 > 224.0.0.2.1985: HSRPv0-hello 20: state=standby group=1 addr=192.168.0.1
IP 192.168.0.30.1985 > 224.0.0.2.1985: HSRPv0-hello 20: state=active group=1 addr=192.168.0.1
IP 192.168.0.30.1985 > 224.0.0.2.1985: HSRPv0-hello 20: state=active group=1 addr=192.168.0.1
IP 192.168.0.20.1985 > 224.0.0.2.1985: HSRPv0-hello 20: state=standby group=1 addr=192.168.0.1
IP 192.168.0.20.1985 > 224.0.0.2.1985: HSRPv0-unknown (3) 16: state=initial group=2 [|hsrp]
IP 192.168.0.30.1985 > 224.0.0.2.1985: HSRPv0-hello 20: state=active group=1 addr=192.168.0.1
IP 192.168.0.20.1985 > 224.0.0.2.1985: HSRPv0-hello 20: state=standby group=1 addr=192.168.0.1
IP 192.168.0.30.1985 > 224.0.0.2.1985: HSRPv0-hello 20: state=active group=1 addr=192.168.0.1
IP 192.168.0.20.1985 > 224.0.0.2.1985: HSRPv0-hello 20: state=standby group=1 addr=192.168.0.1
IP 192.168.0.30.1985 > 224.0.0.2.1985: HSRPv0-hello 20: state=active group=1 addr=192.168.0.1
IP 192.168.0.20.1985 > 224.0.0.2.1985: HSRPv0-hello 20: state=standby group=1 addr=192.168.0.1
IP 192.168.0.30.1985 > 224.0.0.2.1985: HSRPv0-hello 20: state=active group=1 addr=192.168.0.1
IP 192.168.0.30.1985 > 224.0.0.2.1985: HSRPv0-hello 20: state=active group=1 addr=192.168.0.1
IP 192.168.0.20.1985 > 224.0.0.2.1985: HSRPv0-hello 20: state=standby group=1 addr=192.168.0.1
IP 192.168.0.10.1985 > 224.0.0.2.1985: HSRPv0-unknown (3) 16: state=initial group=2 [|hsrp]
IP 192.168.0.30.1985 > 224.0.0.2.1985: HSRPv0-hello 20: state=active group=1 addr=192.168.0.1
IP 192.168.0.10.1985 > 224.0.0.2.1985: HSRPv0-unknown (3) 16: state=initial group=2 [|hsrp]
IP 192.168.0.10.1985 > 224.0.0.2.1985: HSRPv0-unknown (3) 16: state=initial group=3 [|hsrp]
IP 192.168.0.10.1985 > 224.0.0.2.1985: HSRPv0-coup 20: state=listen group=1 addr=192.168.0.1
IP 192.168.0.30.1985 > 224.0.0.2.1985: HSRPv0-unknown (3) 16: state=initial group=2 [|hsrp]
IP 192.168.0.20.1985 > 224.0.0.2.1985: HSRPv0-unknown (3) 16: state=initial group=2 [|hsrp]
IP 192.168.0.10.1985 > 224.0.0.2.1985: HSRPv0-unknown (3) 16: state=initial group=3 [|hsrp]
IP 192.168.0.30.1985 > 224.0.0.2.1985: HSRPv0-hello 20: state=speak group=1 addr=192.168.0.1
IP 192.168.0.10.1985 > 224.0.0.2.1985: HSRPv0-hello 20: state=active group=1 addr=192.168.0.1
IP 192.168.0.10.1985 > 224.0.0.2.1985: HSRPv0-hello 20: state=active group=1 addr=192.168.0.1
IP 192.168.0.30.1985 > 224.0.0.2.1985: HSRPv0-hello 20: state=speak group=1 addr=192.168.0.1
IP 192.168.0.10.1985 > 224.0.0.2.1985: HSRPv0-hello 20: state=active group=1 addr=192.168.0.1
IP 192.168.0.30.1985 > 224.0.0.2.1985: HSRPv0-hello 20: state=speak group=1 addr=192.168.0.1
IP 192.168.0.10.1985 > 224.0.0.2.1985: HSRPv0-hello 20: state=active group=1 addr=192.168.0.1
IP 192.168.0.30.1985 > 224.0.0.2.1985: HSRPv0-hello 20: state=speak group=1 addr=192.168.0.1
IP 192.168.0.10.1985 > 224.0.0.2.1985: HSRPv0-hello 20: state=active group=1 addr=192.168.0.1
IP 192.168.0.30.1985 > 224.0.0.2.1985: HSRPv0-hello 20: state=standby group=1 addr=192.168.0.1
IP 192.168.0.10.1985 > 224.0.0.2.1985: HSRPv0-hello 20: state=active group=1 addr=192.168.0.1
IP 192.168.0.30.1985 > 224.0.0.2.1985: HSRPv0-hello 20: state=standby group=1 addr=192.168.0.1
IP 192.168.0.10.1985 > 224.0.0.2.1985: HSRPv0-hello 20: state=active group=1 addr=192.168.0.1
IP 192.168.0.30.1985 > 224.0.0.2.1985: HSRPv0-hello 20: state=standby group=1 addr=192.168.0.1
IP 192.168.0.10.1985 > 224.0.0.2.1985: HSRPv0-hello 20: state=active group=1 addr=192.168.0.1
IP 192.168.0.10.1985 > 224.0.0.2.1985: HSRPv0-hello 20: state=active group=1 addr=192.168.0.1
IP 192.168.0.30.1985 > 224.0.0.2.1985: HSRPv0-hello 20: state=standby group=1 addr=192.168.0.1
IP 192.168.0.10.1985 > 224.0.0.2.1985: HSRPv0-hello 20: state=active group=1 addr=192.168.0.1
IP 192.168.0.30.1985 > 224.0.0.2.1985: HSRPv0-hello 20: state=standby group=1 addr=192.168.0.1
IP 192.168.0.10.1985 > 224.0.0.2.1985: HSRPv0-hello 20: state=active group=1 addr=192.168.0.1
IP 192.168.0.30.1985 > 224.0.0.2.1985: HSRPv0-hello 20: state=standby group=1 addr=192.168.0.1
IP 192.168.0.10.1985 > 224.0.0.2.1985: HSRPv0-hello 20: state=active group=1 addr=192.168.0.1
IP 192.168.0.20.1985 > 224.0.0.2.1985: HSRPv0-unknown (3) 16: state=initial group=2 [|hsrp]
IP 192.168.0.30.1985 > 224.0.0.2.1985: HSRPv0-unknown (3) 16: state=initial group=2 [|hsrp]
IP 192.168.0.30.1985 > 224.0.0.2.1985: HSRPv0-hello 20: state=standby group=1 addr=192.168.0.1
IP 192.168.0.10.1985 > 224.0.0.2.1985: HSRPv0-hello 20: state=active group=1 addr=192.168.0.1
