IP (tos 0xc0, ttl 1, id 0, offset 0, flags [none], proto UDP (17), length 48)
    192.168.0.10.1985 > 224.0.0.2.1985: HSRPv0-hello 20: state=speak group=1 addr=192.168.0.1 hellotime=3s holdtime=10s priority=200 auth="cisco^@^@^@"
IP (tos 0xc0, ttl 1, id 0, offset 0, flags [none], proto UDP (17), length 48)
    192.168.0.30.1985 > 224.0.0.2.1985: HSRPv0-hello 20: state=speak group=1 addr=192.168.0.1 hellotime=3s holdtime=10s priority=100 auth="cisco^@^@^@"
IP (tos 0xc0, ttl 1, id 0, offset 0, flags [none], proto UDP (17), length 48)
    192.168.0.20.1985 > 224.0.0.2.1985: HSRPv0-hello 20: state=speak group=1 addr=192.168.0.1 hellotime=3s holdtime=10s priority=100 auth="cisco^@^@^@"
IP (tos 0xc0, ttl 1, id 0, offset 0, flags [none], proto UDP (17), length 48)
    192.168.0.10.1985 > 224.0.0.2.1985: HSRPv0-hello 20: state=speak group=1 addr=192.168.0.1 hellotime=3s holdtime=10s priority=200 auth="cisco^@^@^@"
IP (tos 0xc0, ttl 1, id 0, offset 0, flags [none], proto UDP (17), length 44)
    192.168.0.10.1985 > 224.0.0.2.1985: HSRPv0-unknown (3) 16: state=initial group=2 [|hsrp]
IP (tos 0xc0, ttl 1, id 0, offset 0, flags [none], proto UDP (17), length 48)
    192.168.0.10.1985 > 224.0.0.2.1985: HSRPv0-hello 20: state=speak group=1 addr=192.168.0.1 hellotime=3s holdtime=10s priority=200 auth="cisco^@^@^@"
IP (tos 0xc0, ttl 1, id 0, offset 0, flags [none], proto UDP (17), length 44)
    192.168.0.30.1985 > 224.0.0.2.1985: HSRPv0-unknown (3) 16: state=initial group=2 [|hsrp]
IP (tos 0xc0, ttl 1, id 0, offset 0, flags [none], proto UDP (17), length 48)
    192.168.0.10.1985 > 224.0.0.2.1985: HSRPv0-hello 20: state=speak group=1 addr=192.168.0.1 hellotime=3s holdtime=10s priority=200 auth="cisco^@^@^@"
IP (tos 0xc0, ttl 1, id 0, offset 0, flags [none], proto UDP (17), length 48)
    192.168.0.10.1985 > 224.0.0.2.1985: HSRPv0-hello 20: state=standby group=1 addr=192.168.0.1 hellotime=3s holdtime=10s priority=200 auth="cisco^@^@^@"
IP (tos 0xc0, ttl 1, id 0, offset 0, flags [none], proto UDP (17), length 44)
    192.168.0.10.1985 > 224.0.0.2.1985: HSRPv0-unknown (3) 16: state=initial group=3 [|hsrp]
IP (tos 0xc0, ttl 1, id 0, offset 0, flags [none], proto UDP (17), length 48)
    192.168.0.10.1985 > 224.0.0.2.1985: HSRPv0-hello 20: state=active group=1 addr=192.168.0.1 hellotime=3s holdtime=10s priority=200 auth="cisco^@^@^@"
IP (tos 0xc0, ttl 1, id 0, offset 0, flags [none], proto UDP (17), length 44)
    192.168.0.20.1985 > 224.0.0.2.1985: HSRPv0-unknown (3) 16: state=initial group=2 [|hsrp]
IP (tos 0xc0, ttl 1, id 0, offset 0, flags [none], proto UDP (17), length 44)
    192.168.0.30.1985 > 224.0.0.2.1985: HSRPv0-unknown (3) 16: state=initial group=2 [|hsrp]
IP (tos 0xc0, ttl 1, id 0, offset 0, flags [none], proto UDP (17), length 48)
    192.168.0.10.1985 > 224.0.0.2.1985: HSRPv0-hello 20: state=active group=1 addr=192.168.0.1 hellotime=3s holdtime=10s priority=200 auth="cisco^@^@^@"
IP (tos 0xc0, ttl 1, id 0, offset 0, flags [none], proto UDP (17), length 48)
    192.168.0.10.1985 > 224.0.0.2.1985: HSRPv0-hello 20: state=active group=1 addr=192.168.0.1 hellotime=3s holdtime=10s priority=200 auth="cisco^@^@^@"
IP (tos 0xc0, ttl 1, id 0, offset 0, flags [none], proto UDP (17), length 48)
    192.168.0.10.1985 > 224.0.0.2.1985: HSRPv0-hello 20: state=active group=1 addr=192.168.0.1 hellotime=3s holdtime=10s priority=200 auth="cisco^@^@^@"
IP (tos 0xc0, ttl 1, id 0, offset 0, flags [none], proto UDP (17), length 48)
    192.168.0.10.1985 > 224.0.0.2.1985: HSRPv0-hello 20: state=active group=1 addr=192.168.0.1 hellotime=3s holdtime=10s priority=200 auth="cisco^@^@^@"
IP (tos 0xc0, ttl 1, id 0, offset 0, flags [none], proto UDP (17), length 48)
    192.168.0.30.1985 > 224.0.0.2.1985: HSRPv0-hello 20: state=speak group=1 addr=192.168.0.1 hellotime=3s holdtime=10s priority=100 auth="cisco^@^@^@"
IP (tos 0xc0, ttl 1, id 0, offset 0, flags [none], proto UDP (17), length 48)
    192.168.0.20.1985 > 224.0.0.2.1985: HSRPv0-hello 20: state=speak group=1 addr=192.168.0.1 hellotime=3s holdtime=10s priority=100 auth="cisco^@^@^@"
IP (tos 0xc0, ttl 1, id 0, offset 0, flags [none], proto UDP (17), length 48)
    192.168.0.10.1985 > 224.0.0.2.1985: HSRPv0-hello 20: state=active group=1 addr=192.168.0.1 hellotime=3s holdtime=10s priority=200 auth="cisco^@^@^@"
IP (tos 0xc0, ttl 1, id 0, offset 0, flags [none], proto UDP (17), length 48)
    192.168.0.30.1985 > 224.0.0.2.1985: HSRPv0-hello 20: state=speak group=1 addr=192.168.0.1 hellotime=3s holdtime=10s priority=100 auth="cisco^@^@^@"
IP (tos 0xc0, ttl 1, id 0, offset 0, flags [none], proto UDP (17), length 48)
    192.168.0.10.1985 > 224.0.0.2.1985: HSRPv0-hello 20: state=active group=1 addr=192.168.0.1 hellotime=3s holdtime=10s priority=200 auth="cisco^@^@^@"
IP (tos 0xc0, ttl 1, id 0, offset 0, flags [none], proto UDP (17), length 48)
    192.168.0.30.1985 > 224.0.0.2.1985: HSRPv0-hello 20: state=speak group=1 addr=192.168.0.1 hellotime=3s holdtime=10s priority=100 auth="cisco^@^@^@"
IP (tos 0xc0, ttl 1, id 0, offset 0, flags [none], proto UDP (17), length 48)
    192.168.0.10.1985 > 224.0.0.2.1985: HSRPv0-hello 20: state=active group=1 addr=192.168.0.1 hellotime=3s holdtime=10s priority=200 auth="cisco^@^@^@"
IP (tos 0xc0, ttl 1, id 0, offset 0, flags [none], proto UDP (17), length 48)
    192.168.0.30.1985 > 224.0.0.2.1985: HSRPv0-hello 20: state=speak group=1 addr=192.168.0.1 hellotime=3s holdtime=10s priority=100 auth="cisco^@^@^@"
IP (tos 0xc0, ttl 1, id 0, offset 0, flags [none], proto UDP (17), length 48)
    192.168.0.10.1985 > 224.0.0.2.1985: HSRPv0-hello 20: state=active group=1 addr=192.168.0.1 hellotime=3s holdtime=10s priority=200 auth="cisco^@^@^@"
IP (tos 0xc0, ttl 1, id 0, offset 0, flags [none], proto UDP (17), length 48)
    192.168.0.30.1985 > 224.0.0.2.1985: HSRPv0-hello 20: state=standby group=1 addr=192.168.0.1 hellotime=3s holdtime=10s priority=100 auth="cisco^@^@^@"
IP (tos 0xc0, ttl 1, id 0, offset 0, flags [none], proto UDP (17), length 48)
    192.168.0.10.1985 > 224.0.0.2.1985: HSRPv0-hello 20: state=active group=1 addr=192.168.0.1 hellotime=3s holdtime=10s priority=200 auth="cisco^@^@^@"
IP (tos 0xc0, ttl 1, id 0, offset 0, flags [none], proto UDP (17), length 48)
    192.168.0.30.1985 > 224.0.0.2.1985: HSRPv0-hello 20: state=standby group=1 addr=192.168.0.1 hellotime=3s holdtime=10s priority=100 auth="cisco^@^@^@"
IP (tos 0xc0, ttl 1, id 0, offset 0, flags [none], proto UDP (17), length 48)
    192.168.0.10.1985 > 224.0.0.2.1985: HSRPv0-hello 20: state=active group=1 addr=192.168.0.1 hellotime=3s holdtime=10s priority=200 auth="cisco^@^@^@"
IP (tos 0xc0, ttl 1, id 0, offset 0, flags [none], proto UDP (17), length 48)
    192.168.0.30.1985 > 224.0.0.2.1985: HSRPv0-hello 20: state=standby group=1 addr=192.168.0.1 hellotime=3s holdtime=10s priority=100 auth="cisco^@^@^@"
IP (tos 0xc0, ttl 1, id 0, offset 0, flags [none], proto UDP (17), length 48)
    192.168.0.10.1985 > 224.0.0.2.1985: HSRPv0-hello 20: state=active group=1 addr=192.168.0.1 hellotime=3s holdtime=10s priority=200 auth="cisco^@^@^@"
IP (tos 0xc0, ttl 1, id 0, offset 0, flags [none], proto UDP (17), length 44)
    192.168.0.20.1985 > 224.0.0.2.1985: HSRPv0-unknown (3) 16: state=initial group=2 [|hsrp]
IP (tos 0xc0, ttl 1, id 0, offset 0, flags [none], proto UDP (17), length 48)
    192.168.0.10.1985 > 224.0.0.2.1985: HSRPv0-hello 20: state=active group=1 addr=192.168.0.1 hellotime=3s holdtime=10s priority=200 auth="cisco^@^@^@"
IP (tos 0xc0, ttl 1, id 0, offset 0, flags [none], proto UDP (17), length 48)
    192.168.0.30.1985 > 224.0.0.2.1985: HSRPv0-hello 20: state=standby group=1 addr=192.168.0.1 hellotime=3s holdtime=10s priority=100 auth="cisco^@^@^@"
IP (tos 0xc0, ttl 1, id 0, offset 0, flags [none], proto UDP (17), length 44)
    192.168.0.30.1985 > 224.0.0.2.1985: HSRPv0-unknown (3) 16: state=initial group=2 [|hsrp]
IP (tos 0xc0, ttl 1, id 0, offset 0, flags [none], proto UDP (17), length 48)
    192.168.0.10.1985 > 224.0.0.2.1985: HSRPv0-hello 20: state=active group=1 addr=192.168.0.1 hellotime=3s holdtime=10s priority=200 auth="cisco^@^@^@"
IP (tos 0xc0, ttl 1, id 0, offset 0, flags [none], proto UDP (17), length 48)
    192.168.0.30.1985 > 224.0.0.2.1985: HSRPv0-hello 20: state=standby group=1 addr=192.168.0.1 hellotime=3s holdtime=10s priority=100 auth="cisco^@^@^@"
IP (tos 0xc0, ttl 1, id 0, offset 0, flags [none], proto UDP (17), length 48)
    192.168.0.10.1985 > 224.0.0.2.1985: HSRPv0-hello 20: state=active group=1 addr=192.168.0.1 hellotime=3s holdtime=10s priority=200 auth="cisco^@^@^@"
IP (tos 0xc0, ttl 1, id 0, offset 0, flags [none], proto UDP (17), length 48)
    192.168.0.30.1985 > 224.0.0.2.1985: HSRPv0-hello 20: state=standby group=1 addr=192.168.0.1 hellotime=3s holdtime=10s priority=100 auth="cisco^@^@^@"
IP (tos 0xc0, ttl 1, id 0, offset 0, flags [none], proto UDP (17), length 48)
    192.168.0.10.1985 > 224.0.0.2.1985: HSRPv0-hello 20: state=active group=1 addr=192.168.0.1 hellotime=3s holdtime=10s priority=200 auth="cisco^@^@^@"
IP (tos 0xc0, ttl 1, id 0, offset 0, flags [none], proto UDP (17), length 48)
    192.168.0.10.1985 > 224.0.0.2.1985: HSRPv0-hello 20: state=active group=1 addr=192.168.0.1 hellotime=3s holdtime=10s priority=200 auth="cisco^@^@^@"
IP (tos 0xc0, ttl 1, id 0, offset 0, flags [none], proto UDP (17), length 48)
    192.168.0.30.1985 > 224.0.0.2.1985: HSRPv0-hello 20: state=standby group=1 addr=192.168.0.1 hellotime=3s holdtime=10s priority=100 auth="cisco^@^@^@"
IP (tos 0xc0, ttl 1, id 0, offset 0, flags [none], proto UDP (17), length 48)
    192.168.0.10.1985 > 224.0.0.2.1985: HSRPv0-hello 20: state=active group=1 addr=192.168.0.1 hellotime=3s holdtime=10s priority=200 auth="cisco^@^@^@"
IP (tos 0xc0, ttl 1, id 0, offset 0, flags [none], proto UDP (17), length 48)
    192.168.0.30.1985 > 224.0.0.2.1985: HSRPv0-hello 20: state=standby group=1 addr=192.168.0.1 hellotime=3s holdtime=10s priority=100 auth="cisco^@^@^@"
IP (tos 0xc0, ttl 1, id 0, offset 0, flags [none], proto UDP (17), length 48)
    192.168.0.10.1985 > 224.0.0.2.1985: HSRPv0-hello 20: state=active group=1 addr=192.168.0.1 hellotime=3s holdtime=10s priority=200 auth="cisco^@^@^@"
IP (tos 0xc0, ttl 1, id 0, offset 0, flags [none], proto UDP (17), length 48)
    192.168.0.30.1985 > 224.0.0.2.1985: HSRPv0-hello 20: state=standby group=1 addr=192.168.0.1 hellotime=3s holdtime=10s priority=100 auth="cisco^@^@^@"
IP (tos 0xc0, ttl 1, id 0, offset 0, flags [none], proto UDP (17), length 48)
    192.168.0.10.1985 > 224.0.0.2.1985: HSRPv0-hello 20: state=active group=1 addr=192.168.0.1 hellotime=3s holdtime=10s priority=200 auth="cisco^@^@^@"
IP (tos 0xc0, ttl 1, id 0, offset 0, flags [none], proto UDP (17), length 48)
    192.168.0.30.1985 > 224.0.0.2.1985: HSRPv0-hello 20: state=standby group=1 addr=192.168.0.1 hellotime=3s holdtime=10s priority=100 auth="cisco^@^@^@"
