IP6 3030:3030:3030:3030:3030:3030:3030:3030 > 3030:3030:3030:3030:3030:3030:3030:3030: HBH [|HBH]
