PPPoE  [ses 0x3b] LCP, Echo-Request (0x09), id 103, length 14
