IP6 (hlim 64, next-header ICMPv6 (58) payload length: 56) fe80::216:3eff:fe11:3424 > fe80::216:3eff:fe11:3424: [icmp6 sum ok] ICMP6, RPL, (CLR)Destination Advertisement Object [dagid:5431::,seq:10,instance:42,Dagid,40] opt:rpltarget len:25  opt:pad0 opt:pad0 opt:pad0 opt:pad0 opt:pad0 opt:pad0 opt:pad0
