IP (tos 0x2,ECT(0), ttl 248, id 0, offset 0, flags [none], proto RSVP (46), length 54312, bad cksum 3743 (->7e72)!)
    54.35.0.0 > 58.16.0.0: 
	RSVPv1 Hello Message (20), Flags: [Refresh reduction capable], length: 65527, ttl: 15, checksum: 0x0902
	  Generalized UNI Object (229) Flags: [ignore and forward if unknown], Class-Type: 1 (1), length: 12
	    Subobject Type: Unknown (127), AF: HDLC (4), length: 2 (invalid)
