IP 15.184.1.76.40948 > 15.184.3.9.6343: sFlowv5, IPv4 agent 15.184.8.4, agent-id 2, length 1288
IP 15.184.1.195.4942 > 15.184.3.9.6343: sFlowv5, IPv4 agent 15.184.1.195, agent-id 1, length 1288
IP 15.184.1.195.4942 > 15.184.3.9.6343: sFlowv5, IPv4 agent 15.184.1.195, agent-id 1, length 1288
IP 15.184.1.195.4942 > 15.184.3.9.6343: sFlowv5, IPv4 agent 15.184.1.195, agent-id 1, length 1288
IP 15.184.1.195.4942 > 15.184.3.9.6343: sFlowv5, IPv4 agent 15.184.1.195, agent-id 1, length 1288
IP 15.184.1.195.4942 > 15.184.3.9.6343: sFlowv5, IPv4 agent 15.184.1.195, agent-id 1, length 1108
IP 15.184.1.76.40948 > 15.184.3.9.6343: sFlowv5, IPv4 agent 15.184.8.4, agent-id 2, length 208
IP 15.184.1.194.3099 > 15.184.3.9.6343: sFlowv5, IPv4 agent 15.184.1.194, agent-id 1, length 1288
IP 15.184.1.194.3099 > 15.184.3.9.6343: sFlowv5, IPv4 agent 15.184.1.194, agent-id 1, length 1288
IP 15.184.1.194.3099 > 15.184.3.9.6343: sFlowv5, IPv4 agent 15.184.1.194, agent-id 1, length 1288
IP 15.184.1.194.3099 > 15.184.3.9.6343: sFlowv5, IPv4 agent 15.184.1.194, agent-id 1, length 1288
IP 15.184.4.165.49408 > 15.184.3.9.6343: sFlowv5, IPv4 agent 15.184.4.165, agent-id 100, length 460
IP 168.87.240.2.40000 > 15.184.3.9.6343: sFlow version 327681 packet not supported
IP 15.184.3.1.41024 > 15.184.3.9.6343: sFlowv5, IPv4 agent 15.184.1.129, agent-id 2, length 1288
IP 15.184.3.1.41024 > 15.184.3.9.6343: sFlowv5, IPv4 agent 15.184.1.129, agent-id 2, length 568
IP 168.87.240.3.50340 > 15.184.3.9.6343: sFlowv5, IPv4 agent 15.184.1.129, agent-id 6, length 928
IP 15.184.1.194.3099 > 15.184.3.9.6343: sFlowv5, IPv4 agent 15.184.1.194, agent-id 1, length 1108
IP 15.184.13.248.50229 > 15.184.3.9.6343: sFlowv5, IPv4 agent 15.184.13.52, agent-id 100, length 424
IP 168.87.240.1.40000 > 15.184.3.9.6343: sFlow version 327681 packet not supported
IP 168.87.240.1.40000 > 15.184.3.9.6343: sFlow version 327682 packet not supported
IP 168.87.240.1.40000 > 15.184.3.9.6343: sFlow version 327681 packet not supported
IP 168.87.240.2.40000 > 15.184.3.9.6343: sFlow version 327682 packet not supported
IP 168.87.240.3.50340 > 15.184.3.9.6343: sFlowv5, IPv4 agent 15.184.1.129, agent-id 6, length 568
IP 15.184.1.195.4942 > 15.184.3.9.6343: sFlowv5, IPv4 agent 15.184.1.195, agent-id 1, length 1288
IP 15.184.1.195.4942 > 15.184.3.9.6343: sFlowv5, IPv4 agent 15.184.1.195, agent-id 1, length 1288
IP 15.184.1.195.4942 > 15.184.3.9.6343: sFlowv5, IPv4 agent 15.184.1.195, agent-id 1, length 1288
IP 15.184.1.195.4942 > 15.184.3.9.6343: sFlowv5, IPv4 agent 15.184.1.195, agent-id 1, length 1288
IP 15.184.1.195.4942 > 15.184.3.9.6343: sFlowv5, IPv4 agent 15.184.1.195, agent-id 1, length 1108
IP 15.184.1.194.3099 > 15.184.3.9.6343: sFlowv5, IPv4 agent 15.184.1.194, agent-id 1, length 1288
IP 15.184.1.194.3099 > 15.184.3.9.6343: sFlowv5, IPv4 agent 15.184.1.194, agent-id 1, length 1288
