IP 10.0.0.91 > 224.0.0.18: VRRPv2, Advertisement, vrid 42, prio 191, authtype simple, intvl 10s, length 28
IP 10.0.0.91 > 224.0.0.18: VRRPv2, Advertisement, vrid 43, prio 191, authtype none, intvl 10s, length 20
IP 10.0.0.91 > 224.0.0.18: VRRPv3, Advertisement, vrid 44, prio 191, intvl 1000cs, length 16
IP 10.0.0.91 > 224.0.0.18: VRRPv2, Advertisement, vrid 42, prio 191, authtype simple, intvl 10s, length 28
IP 10.0.0.91 > 224.0.0.18: VRRPv2, Advertisement, vrid 43, prio 191, authtype none, intvl 10s, length 20
IP6 fe80::d6ca:6dff:fe66:cf60 > ff02::12: ip-proto-112 40
IP6 fe80::d6ca:6dff:fe66:cf60 > ff02::12: ip-proto-112 88
IP 10.0.0.91 > 224.0.0.18: VRRPv3, Advertisement, vrid 44, prio 191, intvl 1000cs, length 16
IP 10.0.0.91 > 224.0.0.18: VRRPv2, Advertisement, vrid 42, prio 191, authtype simple, intvl 10s, length 28
IP 10.0.0.91 > 224.0.0.18: VRRPv2, Advertisement, vrid 43, prio 191, authtype none, intvl 10s, length 20
IP6 fe80::d6ca:6dff:fe66:cf60 > ff02::12: ip-proto-112 88
IP6 fe80::d6ca:6dff:fe66:cf60 > ff02::12: ip-proto-112 40
IP 10.0.0.91 > 224.0.0.18: VRRPv3, Advertisement, vrid 44, prio 191, intvl 1000cs, length 16
IP 10.0.0.92 > 224.0.0.18: VRRPv2, Advertisement, vrid 42, prio 192, authtype simple, intvl 10s, length 28
IP 10.0.0.92 > 224.0.0.18: VRRPv2, Advertisement, vrid 43, prio 192, authtype none, intvl 10s, length 20
IP 10.0.0.92 > 224.0.0.18: VRRPv3, Advertisement, vrid 44, prio 192, intvl 1000cs, length 16
IP6 fe80::d6ca:6dff:fe66:cf60 > ff02::12: ip-proto-112 40
IP6 fe80::d6ca:6dff:fe66:cf60 > ff02::12: ip-proto-112 88
IP 10.0.0.92 > 224.0.0.18: VRRPv2, Advertisement, vrid 42, prio 192, authtype simple, intvl 10s, length 28
IP 10.0.0.92 > 224.0.0.18: VRRPv2, Advertisement, vrid 43, prio 192, authtype none, intvl 10s, length 20
IP 10.0.0.92 > 224.0.0.18: VRRPv3, Advertisement, vrid 44, prio 192, intvl 1000cs, length 16
IP6 fe80::d6ca:6dff:fe72:b1da > ff02::12: ip-proto-112 88
IP6 fe80::d6ca:6dff:fe72:b1da > ff02::12: ip-proto-112 40
IP 10.0.0.92 > 224.0.0.18: VRRPv2, Advertisement, vrid 42, prio 192, authtype simple, intvl 10s, length 28
IP 10.0.0.92 > 224.0.0.18: VRRPv2, Advertisement, vrid 43, prio 192, authtype none, intvl 10s, length 20
IP 10.0.0.92 > 224.0.0.18: VRRPv3, Advertisement, vrid 44, prio 192, intvl 1000cs, length 16
IP6 fe80::d6ca:6dff:fe72:b1da > ff02::12: ip-proto-112 40
IP6 fe80::d6ca:6dff:fe72:b1da > ff02::12: ip-proto-112 88
IP 10.0.0.93 > 224.0.0.18: VRRPv2, Advertisement, vrid 42, prio 193, authtype simple, intvl 10s, length 28
IP 10.0.0.93 > 224.0.0.18: VRRPv2, Advertisement, vrid 43, prio 193, authtype none, intvl 10s, length 20
IP 10.0.0.93 > 224.0.0.18: VRRPv3, Advertisement, vrid 44, prio 193, intvl 1000cs, length 16
IP6 fe80::d6ca:6dff:fe72:b1da > ff02::12: ip-proto-112 88
IP6 fe80::d6ca:6dff:fe72:b1da > ff02::12: ip-proto-112 40
IP 10.0.0.93 > 224.0.0.18: VRRPv2, Advertisement, vrid 42, prio 193, authtype simple, intvl 10s, length 28
IP 10.0.0.93 > 224.0.0.18: VRRPv2, Advertisement, vrid 43, prio 193, authtype none, intvl 10s, length 20
IP6 fe80::d6ca:6dff:fe66:cf65 > ff02::12: ip-proto-112 88
IP6 fe80::d6ca:6dff:fe66:cf65 > ff02::12: ip-proto-112 40
IP 10.0.0.93 > 224.0.0.18: VRRPv3, Advertisement, vrid 44, prio 193, intvl 1000cs, length 16
IP 10.0.0.93 > 224.0.0.18: VRRPv2, Advertisement, vrid 42, prio 193, authtype simple, intvl 10s, length 28
IP 10.0.0.93 > 224.0.0.18: VRRPv2, Advertisement, vrid 43, prio 193, authtype none, intvl 10s, length 20
IP6 fe80::d6ca:6dff:fe66:cf65 > ff02::12: ip-proto-112 88
IP6 fe80::d6ca:6dff:fe66:cf65 > ff02::12: ip-proto-112 40
IP 10.0.0.93 > 224.0.0.18: VRRPv3, Advertisement, vrid 44, prio 193, intvl 1000cs, length 16
IP 10.0.0.93 > 224.0.0.18: VRRPv2, Advertisement, vrid 43, prio 193, authtype none, intvl 10s, length 20
IP 10.0.0.93 > 224.0.0.18: VRRPv2, Advertisement, vrid 42, prio 193, authtype simple, intvl 10s, length 28
IP6 fe80::d6ca:6dff:fe66:cf65 > ff02::12: ip-proto-112 88
IP6 fe80::d6ca:6dff:fe66:cf65 > ff02::12: ip-proto-112 40
IP 10.0.0.93 > 224.0.0.18: VRRPv3, Advertisement, vrid 44, prio 193, intvl 1000cs, length 16
IP 10.0.0.94 > 224.0.0.18: VRRPv2, Advertisement, vrid 42, prio 194, authtype simple, intvl 10s, length 28
IP 10.0.0.94 > 224.0.0.18: VRRPv2, Advertisement, vrid 43, prio 194, authtype none, intvl 10s, length 20
IP 10.0.0.94 > 224.0.0.18: VRRPv3, Advertisement, vrid 44, prio 194, intvl 1000cs, length 16
IP6 fe80::d6ca:6dff:fe66:cf65 > ff02::12: ip-proto-112 88
IP6 fe80::d6ca:6dff:fe66:cf65 > ff02::12: ip-proto-112 40
IP 10.0.0.94 > 224.0.0.18: VRRPv2, Advertisement, vrid 42, prio 194, authtype simple, intvl 10s, length 28
IP 10.0.0.94 > 224.0.0.18: VRRPv2, Advertisement, vrid 43, prio 194, authtype none, intvl 10s, length 20
IP6 fe80::d6ca:6dff:fe65:d45c > ff02::12: ip-proto-112 40
IP 10.0.0.94 > 224.0.0.18: VRRPv3, Advertisement, vrid 44, prio 194, intvl 1000cs, length 16
IP6 fe80::d6ca:6dff:fe65:d45c > ff02::12: ip-proto-112 88
IP 10.0.0.94 > 224.0.0.18: VRRPv2, Advertisement, vrid 42, prio 194, authtype simple, intvl 10s, length 28
IP 10.0.0.94 > 224.0.0.18: VRRPv2, Advertisement, vrid 43, prio 194, authtype none, intvl 10s, length 20
IP 10.0.0.94 > 224.0.0.18: VRRPv3, Advertisement, vrid 44, prio 194, intvl 1000cs, length 16
IP6 fe80::d6ca:6dff:fe65:d45c > ff02::12: ip-proto-112 40
IP6 fe80::d6ca:6dff:fe65:d45c > ff02::12: ip-proto-112 88
IP 10.0.0.94 > 224.0.0.18: VRRPv2, Advertisement, vrid 42, prio 194, authtype simple, intvl 10s, length 28
IP 10.0.0.94 > 224.0.0.18: VRRPv2, Advertisement, vrid 43, prio 194, authtype none, intvl 10s, length 20
IP6 fe80::d6ca:6dff:fe65:d45c > ff02::12: ip-proto-112 40
IP 10.0.0.94 > 224.0.0.18: VRRPv3, Advertisement, vrid 44, prio 194, intvl 1000cs, length 16
IP6 fe80::d6ca:6dff:fe65:d45c > ff02::12: ip-proto-112 88
IP 10.0.0.94 > 224.0.0.18: VRRPv2, Advertisement, vrid 42, prio 194, authtype simple, intvl 10s, length 28
IP 10.0.0.94 > 224.0.0.18: VRRPv2, Advertisement, vrid 43, prio 194, authtype none, intvl 10s, length 20
IP 10.0.0.94 > 224.0.0.18: VRRPv3, Advertisement, vrid 44, prio 194, intvl 1000cs, length 16
IP6 fe80::d6ca:6dff:fe65:d45c > ff02::12: ip-proto-112 40
IP6 fe80::d6ca:6dff:fe65:d45c > ff02::12: ip-proto-112 88
IP 10.0.0.95 > 224.0.0.18: VRRPv2, Advertisement, vrid 42, prio 195, authtype simple, intvl 10s, length 28
IP 10.0.0.95 > 224.0.0.18: VRRPv2, Advertisement, vrid 43, prio 195, authtype none, intvl 10s, length 20
IP 10.0.0.95 > 224.0.0.18: VRRPv3, Advertisement, vrid 44, prio 195, intvl 1000cs, length 16
IP6 fe80::d6ca:6dff:fe65:d45c > ff02::12: ip-proto-112 40
IP6 fe80::d6ca:6dff:fe65:d45c > ff02::12: ip-proto-112 88
IP 10.0.0.95 > 224.0.0.18: VRRPv2, Advertisement, vrid 42, prio 195, authtype simple, intvl 10s, length 28
IP 10.0.0.95 > 224.0.0.18: VRRPv2, Advertisement, vrid 43, prio 195, authtype none, intvl 10s, length 20
IP 10.0.0.95 > 224.0.0.18: VRRPv3, Advertisement, vrid 44, prio 195, intvl 1000cs, length 16
IP6 fe80::d6ca:6dff:fe65:d46b > ff02::12: ip-proto-112 40
IP6 fe80::d6ca:6dff:fe65:d46b > ff02::12: ip-proto-112 88
IP 10.0.0.95 > 224.0.0.18: VRRPv2, Advertisement, vrid 42, prio 195, authtype simple, intvl 10s, length 28
IP 10.0.0.95 > 224.0.0.18: VRRPv2, Advertisement, vrid 43, prio 195, authtype none, intvl 10s, length 20
IP6 fe80::d6ca:6dff:fe65:d46b > ff02::12: ip-proto-112 40
IP 10.0.0.95 > 224.0.0.18: VRRPv3, Advertisement, vrid 44, prio 195, intvl 1000cs, length 16
IP6 fe80::d6ca:6dff:fe65:d46b > ff02::12: ip-proto-112 88
IP 10.0.0.95 > 224.0.0.18: VRRPv2, Advertisement, vrid 42, prio 195, authtype simple, intvl 10s, length 28
IP 10.0.0.95 > 224.0.0.18: VRRPv2, Advertisement, vrid 43, prio 195, authtype none, intvl 10s, length 20
IP 10.0.0.95 > 224.0.0.18: VRRPv3, Advertisement, vrid 44, prio 195, intvl 1000cs, length 16
IP6 fe80::d6ca:6dff:fe65:d46b > ff02::12: ip-proto-112 40
IP6 fe80::d6ca:6dff:fe65:d46b > ff02::12: ip-proto-112 88
IP 10.0.0.96 > 224.0.0.18: VRRPv2, Advertisement, vrid 42, prio 196, authtype simple, intvl 10s, length 28
IP 10.0.0.96 > 224.0.0.18: VRRPv2, Advertisement, vrid 43, prio 196, authtype none, intvl 10s, length 20
IP 10.0.0.96 > 224.0.0.18: VRRPv3, Advertisement, vrid 44, prio 196, intvl 1000cs, length 16
IP6 fe80::d6ca:6dff:fe65:d46b > ff02::12: ip-proto-112 40
IP6 fe80::d6ca:6dff:fe65:d46b > ff02::12: ip-proto-112 88
IP 10.0.0.96 > 224.0.0.18: VRRPv2, Advertisement, vrid 42, prio 196, authtype simple, intvl 10s, length 28
IP 10.0.0.96 > 224.0.0.18: VRRPv2, Advertisement, vrid 43, prio 196, authtype none, intvl 10s, length 20
IP6 fe80::d6ca:6dff:fe72:b1e4 > ff02::12: ip-proto-112 40
IP 10.0.0.96 > 224.0.0.18: VRRPv3, Advertisement, vrid 44, prio 196, intvl 1000cs, length 16
IP6 fe80::d6ca:6dff:fe72:b1e4 > ff02::12: ip-proto-112 88
IP 10.0.0.96 > 224.0.0.18: VRRPv2, Advertisement, vrid 42, prio 196, authtype simple, intvl 10s, length 28
IP 10.0.0.96 > 224.0.0.18: VRRPv2, Advertisement, vrid 43, prio 196, authtype none, intvl 10s, length 20
IP6 fe80::d6ca:6dff:fe72:b1e4 > ff02::12: ip-proto-112 40
IP 10.0.0.96 > 224.0.0.18: VRRPv3, Advertisement, vrid 44, prio 196, intvl 1000cs, length 16
IP6 fe80::d6ca:6dff:fe72:b1e4 > ff02::12: ip-proto-112 88
IP 10.0.0.96 > 224.0.0.18: VRRPv2, Advertisement, vrid 43, prio 196, authtype none, intvl 10s, length 20
IP 10.0.0.96 > 224.0.0.18: VRRPv2, Advertisement, vrid 42, prio 196, authtype simple, intvl 10s, length 28
IP6 fe80::d6ca:6dff:fe72:b1e4 > ff02::12: ip-proto-112 40
IP 10.0.0.96 > 224.0.0.18: VRRPv3, Advertisement, vrid 44, prio 196, intvl 1000cs, length 16
IP6 fe80::d6ca:6dff:fe72:b1e4 > ff02::12: ip-proto-112 88
IP 10.0.0.96 > 224.0.0.18: VRRPv2, Advertisement, vrid 42, prio 196, authtype simple, intvl 10s, length 28
IP 10.0.0.96 > 224.0.0.18: VRRPv2, Advertisement, vrid 43, prio 196, authtype none, intvl 10s, length 20
IP6 fe80::d6ca:6dff:fe72:b1e4 > ff02::12: ip-proto-112 40
IP 10.0.0.96 > 224.0.0.18: VRRPv3, Advertisement, vrid 44, prio 196, intvl 1000cs, length 16
IP6 fe80::d6ca:6dff:fe72:b1e4 > ff02::12: ip-proto-112 88
IP 10.0.0.97 > 224.0.0.18: VRRPv2, Advertisement, vrid 42, prio 197, authtype simple, intvl 10s, length 28
IP 10.0.0.97 > 224.0.0.18: VRRPv2, Advertisement, vrid 43, prio 197, authtype none, intvl 10s, length 20
IP 10.0.0.97 > 224.0.0.18: VRRPv3, Advertisement, vrid 44, prio 197, intvl 1000cs, length 16
IP6 fe80::d6ca:6dff:fe72:b1e4 > ff02::12: ip-proto-112 40
IP6 fe80::d6ca:6dff:fe72:b1e4 > ff02::12: ip-proto-112 88
IP 10.0.0.97 > 224.0.0.18: VRRPv2, Advertisement, vrid 42, prio 197, authtype simple, intvl 10s, length 28
IP 10.0.0.97 > 224.0.0.18: VRRPv2, Advertisement, vrid 43, prio 197, authtype none, intvl 10s, length 20
IP6 fe80::20c:42ff:fe5e:c2dc > ff02::12: ip-proto-112 40
IP 10.0.0.97 > 224.0.0.18: VRRPv3, Advertisement, vrid 44, prio 197, intvl 1000cs, length 16
IP6 fe80::20c:42ff:fe5e:c2dc > ff02::12: ip-proto-112 88
IP 10.0.0.97 > 224.0.0.18: VRRPv2, Advertisement, vrid 43, prio 197, authtype none, intvl 10s, length 20
IP 10.0.0.97 > 224.0.0.18: VRRPv2, Advertisement, vrid 42, prio 197, authtype simple, intvl 10s, length 28
IP6 fe80::20c:42ff:fe5e:c2dc > ff02::12: ip-proto-112 40
IP 10.0.0.97 > 224.0.0.18: VRRPv3, Advertisement, vrid 44, prio 197, intvl 1000cs, length 16
IP6 fe80::20c:42ff:fe5e:c2dc > ff02::12: ip-proto-112 88
IP 10.0.0.97 > 224.0.0.18: VRRPv2, Advertisement, vrid 42, prio 197, authtype simple, intvl 10s, length 28
IP 10.0.0.97 > 224.0.0.18: VRRPv2, Advertisement, vrid 43, prio 197, authtype none, intvl 10s, length 20
IP6 fe80::20c:42ff:fe5e:c2dc > ff02::12: ip-proto-112 40
IP 10.0.0.97 > 224.0.0.18: VRRPv3, Advertisement, vrid 44, prio 197, intvl 1000cs, length 16
IP6 fe80::20c:42ff:fe5e:c2dc > ff02::12: ip-proto-112 88
IP 10.0.0.97 > 224.0.0.18: VRRPv2, Advertisement, vrid 43, prio 197, authtype none, intvl 10s, length 20
IP 10.0.0.97 > 224.0.0.18: VRRPv2, Advertisement, vrid 42, prio 197, authtype simple, intvl 10s, length 28
IP6 fe80::20c:42ff:fe5e:c2dc > ff02::12: ip-proto-112 40
IP 10.0.0.97 > 224.0.0.18: VRRPv3, Advertisement, vrid 44, prio 197, intvl 1000cs, length 16
IP6 fe80::20c:42ff:fe5e:c2dc > ff02::12: ip-proto-112 88
IP 10.0.0.97 > 224.0.0.18: VRRPv2, Advertisement, vrid 42, prio 197, authtype simple, intvl 10s, length 28
IP 10.0.0.97 > 224.0.0.18: VRRPv2, Advertisement, vrid 43, prio 197, authtype none, intvl 10s, length 20
IP6 fe80::20c:42ff:fe5e:c2dc > ff02::12: ip-proto-112 40
IP 10.0.0.97 > 224.0.0.18: VRRPv3, Advertisement, vrid 44, prio 197, intvl 1000cs, length 16
IP6 fe80::20c:42ff:fe5e:c2dc > ff02::12: ip-proto-112 88
IP 10.0.0.97 > 224.0.0.18: VRRPv2, Advertisement, vrid 43, prio 197, authtype none, intvl 10s, length 20
IP 10.0.0.97 > 224.0.0.18: VRRPv2, Advertisement, vrid 42, prio 197, authtype simple, intvl 10s, length 28
IP6 fe80::20c:42ff:fe5e:c2dc > ff02::12: ip-proto-112 40
IP 10.0.0.97 > 224.0.0.18: VRRPv3, Advertisement, vrid 44, prio 197, intvl 1000cs, length 16
IP6 fe80::20c:42ff:fe5e:c2dc > ff02::12: ip-proto-112 88
IP 10.0.0.97 > 224.0.0.18: VRRPv2, Advertisement, vrid 42, prio 197, authtype simple, intvl 10s, length 28
IP 10.0.0.97 > 224.0.0.18: VRRPv2, Advertisement, vrid 43, prio 197, authtype none, intvl 10s, length 20
IP6 fe80::20c:42ff:fe5e:c2dc > ff02::12: ip-proto-112 40
IP 10.0.0.97 > 224.0.0.18: VRRPv3, Advertisement, vrid 44, prio 197, intvl 1000cs, length 16
IP6 fe80::20c:42ff:fe5e:c2dc > ff02::12: ip-proto-112 88
IP 10.0.0.97 > 224.0.0.18: VRRPv2, Advertisement, vrid 43, prio 197, authtype none, intvl 10s, length 20
IP 10.0.0.97 > 224.0.0.18: VRRPv2, Advertisement, vrid 42, prio 197, authtype simple, intvl 10s, length 28
IP6 fe80::20c:42ff:fe5e:c2dc > ff02::12: ip-proto-112 40
IP 10.0.0.97 > 224.0.0.18: VRRPv3, Advertisement, vrid 44, prio 197, intvl 1000cs, length 16
IP6 fe80::20c:42ff:fe5e:c2dc > ff02::12: ip-proto-112 88
IP 10.0.0.97 > 224.0.0.18: VRRPv2, Advertisement, vrid 42, prio 197, authtype simple, intvl 10s, length 28
IP 10.0.0.97 > 224.0.0.18: VRRPv2, Advertisement, vrid 43, prio 197, authtype none, intvl 10s, length 20
