timestamp: 2003-12-04 17:34:29
Date of timestamp: 2003-12-04
Date[0]: - (N - T)
Date[1]: - (N - T)
Date[2]: - (N - T)
Date[3]: 1999-01-08 (N - F)
TS[3,0]: 1999-01-08 00:04:00
TS[3,1]: 1999-01-08 01:59:00
TS[3,2]: 1999-01-08 13:24:40
TS[3,3]: 1999-01-08 13:24:40.495
Date[4]: 1999-01-08 (N - F)
TS[4,0]: 1999-01-08 00:04:00
TS[4,1]: 1999-01-08 01:59:00
TS[4,2]: 1999-01-08 13:24:40
TS[4,3]: 1999-01-08 13:24:40.495
Date[5]: 1999-01-08 (N - F)
TS[5,0]: 1999-01-08 00:04:00
TS[5,1]: 1999-01-08 01:59:00
TS[5,2]: 1999-01-08 13:24:40
TS[5,3]: 1999-01-08 13:24:40.495
Date[6]: 1999-01-18 (N - F)
TS[6,0]: 1999-01-18 00:04:00
TS[6,1]: 1999-01-18 01:59:00
TS[6,2]: 1999-01-18 13:24:40
TS[6,3]: 1999-01-18 13:24:40.495
Date[7]: 2003-01-02 (N - F)
TS[7,0]: 2003-01-02 00:04:00
TS[7,1]: 2003-01-02 01:59:00
TS[7,2]: 2003-01-02 13:24:40
TS[7,3]: 2003-01-02 13:24:40.495
Date[8]: 1999-01-08 (N - F)
TS[8,0]: 1999-01-08 00:04:00
TS[8,1]: 1999-01-08 01:59:00
TS[8,2]: 1999-01-08 13:24:40
TS[8,3]: 1999-01-08 13:24:40.495
Date[9]: 1999-01-08 (N - F)
TS[9,0]: 1999-01-08 00:04:00
TS[9,1]: 1999-01-08 01:59:00
TS[9,2]: 1999-01-08 13:24:40
TS[9,3]: 1999-01-08 13:24:40.495
Date[10]: 1999-01-08 (N - F)
TS[10,0]: 1999-01-08 00:04:00
TS[10,1]: 1999-01-08 01:59:00
TS[10,2]: 1999-01-08 13:24:40
TS[10,3]: 1999-01-08 13:24:40.495
Date[11]: 1999-01-08 (N - F)
TS[11,0]: 1999-01-08 00:04:00
TS[11,1]: 1999-01-08 01:59:00
TS[11,2]: 1999-01-08 13:24:40
TS[11,3]: 1999-01-08 13:24:40.495
Date[12]: 1999-01-08 (N - F)
TS[12,0]: 1999-01-08 00:04:00
TS[12,1]: 1999-01-08 01:59:00
TS[12,2]: 1999-01-08 13:24:40
TS[12,3]: 1999-01-08 13:24:40.495
Date[13]: 2006-01-08 (N - F)
TS[13,0]: 2006-01-08 00:04:00
TS[13,1]: 2006-01-08 01:59:00
TS[13,2]: 2006-01-08 13:24:40
TS[13,3]: 2006-01-08 13:24:40.495
Date[14]: 1999-01-08 (N - F)
TS[14,0]: 1999-01-08 00:04:00
TS[14,1]: 1999-01-08 01:59:00
TS[14,2]: 1999-01-08 13:24:40
TS[14,3]: 1999-01-08 13:24:40.495
Date[15]: 1999-01-08 (N - F)
TS[15,0]: 1999-01-08 00:04:00
TS[15,1]: 1999-01-08 01:59:00
TS[15,2]: 1999-01-08 13:24:40
TS[15,3]: 1999-01-08 13:24:40.495
Date[16]: 1999-01-08 (N - F)
TS[16,0]: 1999-01-08 00:04:00
TS[16,1]: 1999-01-08 01:59:00
TS[16,2]: 1999-01-08 13:24:40
TS[16,3]: 1999-01-08 13:24:40.495
Date[17]: 1999-01-08 (N - F)
TS[17,0]: 1999-01-08 00:04:00
TS[17,1]: 1999-01-08 01:59:00
TS[17,2]: 1999-01-08 13:24:40
TS[17,3]: 1999-01-08 13:24:40.495
Date[18]: 1999-01-08 (N - F)
TS[18,0]: 1999-01-08 00:04:00
TS[18,1]: 1999-01-08 01:59:00
TS[18,2]: 1999-01-08 13:24:40
TS[18,3]: 1999-01-08 13:24:40.495
Date[19]: 0099-01-08 BC (N - F)
TS[19,0]: 0099-01-08 00:04:00 BC
TS[19,1]: 0099-01-08 01:59:00 BC
TS[19,2]: 0099-01-08 13:24:40 BC
interval[0]: @ 1 min
interval_copy[0]: @ 1 min
interval[1]: @ 1 day 12 hours 59 mins 10 secs
interval_copy[1]: @ 1 day 12 hours 59 mins 10 secs
interval[2]: @ 2 days 12 hours 59 mins 10 secs
interval_copy[2]: @ 2 days 12 hours 59 mins 10 secs
interval[3]: @ 1 day 12 hours 59 mins 10 secs
interval_copy[3]: @ 1 day 12 hours 59 mins 10 secs
interval[4]: @ 1 day 1 hour 1 min 1 sec
interval_copy[4]: @ 1 day 1 hour 1 min 1 sec
interval[5]: @ 1 year 59 mins
interval_copy[5]: @ 1 year 59 mins
Error parsing interval 6
