item[0] = 1
item[1] = 2
item[2] = 2
item[3] = -1
i = 1
item[0] = 1
item[1] = 2
item[2] = 2
item[3] = -1
item[0] = 1
item[1] = 2
item[2] = 2
item[3] = -1
i = 1
item[0] = 1
item[1] = 2
item[2] = 2
item[3] = -1
